<!doctype html public "-//w3c//dtd html 4.0 transitional//en">
<html><head>
<title>Static Call Graph - [.\weigh_obj\weigh_dev.axf]</title></head>
<body><HR>
<H1>Static Call Graph for image .\weigh_obj\weigh_dev.axf</H1><HR>
<BR><P>#&#060CALLGRAPH&#062# ARM Linker, 5060960: Last Updated: Wed May 31 10:45:47 2023
<BR><P>
<H3>Maximum Stack Usage =        480 bytes + Unknown(Cycles, Untraceable Function Pointers)</H3><H3>
Call chain for Maximum Stack Depth:</H3>
USART1_IRQHandler &rArr; HAL_UART_IRQHandler &rArr; UART_Receive_IT &rArr; HAL_UART_RxCpltCallback &rArr; pt113_push_data_msg &rArr; msg_t113_queue_push
<P>
<H3>
Mutually Recursive functions
</H3> <LI><a href="#[12]">HardFault_Handler</a>&nbsp;&nbsp;&nbsp;&rArr;&nbsp;&nbsp;&nbsp;<a href="#[12]">HardFault_Handler</a><BR>
 <LI><a href="#[13]">MemManage_Handler</a>&nbsp;&nbsp;&nbsp;&rArr;&nbsp;&nbsp;&nbsp;<a href="#[13]">MemManage_Handler</a><BR>
 <LI><a href="#[14]">BusFault_Handler</a>&nbsp;&nbsp;&nbsp;&rArr;&nbsp;&nbsp;&nbsp;<a href="#[14]">BusFault_Handler</a><BR>
 <LI><a href="#[15]">UsageFault_Handler</a>&nbsp;&nbsp;&nbsp;&rArr;&nbsp;&nbsp;&nbsp;<a href="#[15]">UsageFault_Handler</a><BR>
 <LI><a href="#[2c]">ADC1_2_IRQHandler</a>&nbsp;&nbsp;&nbsp;&rArr;&nbsp;&nbsp;&nbsp;<a href="#[2c]">ADC1_2_IRQHandler</a><BR>
</UL>
<P>
<H3>
Function Pointers
</H3><UL>
 <LI><a href="#[2c]">ADC1_2_IRQHandler</a> from startup_stm32f103xe.o(.text) referenced from startup_stm32f103xe.o(RESET)
 <LI><a href="#[49]">ADC3_IRQHandler</a> from startup_stm32f103xe.o(.text) referenced from startup_stm32f103xe.o(RESET)
 <LI><a href="#[14]">BusFault_Handler</a> from stm32f1xx_it.o(.text) referenced from startup_stm32f103xe.o(RESET)
 <LI><a href="#[2f]">CAN1_RX1_IRQHandler</a> from startup_stm32f103xe.o(.text) referenced from startup_stm32f103xe.o(RESET)
 <LI><a href="#[30]">CAN1_SCE_IRQHandler</a> from startup_stm32f103xe.o(.text) referenced from startup_stm32f103xe.o(RESET)
 <LI><a href="#[25]">DMA1_Channel1_IRQHandler</a> from startup_stm32f103xe.o(.text) referenced from startup_stm32f103xe.o(RESET)
 <LI><a href="#[26]">DMA1_Channel2_IRQHandler</a> from startup_stm32f103xe.o(.text) referenced from startup_stm32f103xe.o(RESET)
 <LI><a href="#[27]">DMA1_Channel3_IRQHandler</a> from startup_stm32f103xe.o(.text) referenced from startup_stm32f103xe.o(RESET)
 <LI><a href="#[28]">DMA1_Channel4_IRQHandler</a> from stm32f1xx_it.o(.text) referenced from startup_stm32f103xe.o(RESET)
 <LI><a href="#[29]">DMA1_Channel5_IRQHandler</a> from stm32f1xx_it.o(.text) referenced from startup_stm32f103xe.o(RESET)
 <LI><a href="#[2a]">DMA1_Channel6_IRQHandler</a> from stm32f1xx_it.o(.text) referenced from startup_stm32f103xe.o(RESET)
 <LI><a href="#[2b]">DMA1_Channel7_IRQHandler</a> from startup_stm32f103xe.o(.text) referenced from startup_stm32f103xe.o(RESET)
 <LI><a href="#[52]">DMA2_Channel1_IRQHandler</a> from startup_stm32f103xe.o(.text) referenced from startup_stm32f103xe.o(RESET)
 <LI><a href="#[53]">DMA2_Channel2_IRQHandler</a> from startup_stm32f103xe.o(.text) referenced from startup_stm32f103xe.o(RESET)
 <LI><a href="#[54]">DMA2_Channel3_IRQHandler</a> from startup_stm32f103xe.o(.text) referenced from startup_stm32f103xe.o(RESET)
 <LI><a href="#[55]">DMA2_Channel4_5_IRQHandler</a> from startup_stm32f103xe.o(.text) referenced from startup_stm32f103xe.o(RESET)
 <LI><a href="#[17]">DebugMon_Handler</a> from stm32f1xx_it.o(.text) referenced from startup_stm32f103xe.o(RESET)
 <LI><a href="#[20]">EXTI0_IRQHandler</a> from startup_stm32f103xe.o(.text) referenced from startup_stm32f103xe.o(RESET)
 <LI><a href="#[42]">EXTI15_10_IRQHandler</a> from startup_stm32f103xe.o(.text) referenced from startup_stm32f103xe.o(RESET)
 <LI><a href="#[21]">EXTI1_IRQHandler</a> from startup_stm32f103xe.o(.text) referenced from startup_stm32f103xe.o(RESET)
 <LI><a href="#[22]">EXTI2_IRQHandler</a> from startup_stm32f103xe.o(.text) referenced from startup_stm32f103xe.o(RESET)
 <LI><a href="#[23]">EXTI3_IRQHandler</a> from startup_stm32f103xe.o(.text) referenced from startup_stm32f103xe.o(RESET)
 <LI><a href="#[24]">EXTI4_IRQHandler</a> from stm32f1xx_it.o(.text) referenced from startup_stm32f103xe.o(RESET)
 <LI><a href="#[31]">EXTI9_5_IRQHandler</a> from startup_stm32f103xe.o(.text) referenced from startup_stm32f103xe.o(RESET)
 <LI><a href="#[83]">EraseFlash</a> from st_flash.o(.text) referenced 2 times from st_flash.o(.constdata)
 <LI><a href="#[1e]">FLASH_IRQHandler</a> from startup_stm32f103xe.o(.text) referenced from startup_stm32f103xe.o(RESET)
 <LI><a href="#[4a]">FSMC_IRQHandler</a> from startup_stm32f103xe.o(.text) referenced from startup_stm32f103xe.o(RESET)
 <LI><a href="#[12]">HardFault_Handler</a> from stm32f1xx_it.o(.text) referenced from startup_stm32f103xe.o(RESET)
 <LI><a href="#[3a]">I2C1_ER_IRQHandler</a> from startup_stm32f103xe.o(.text) referenced from startup_stm32f103xe.o(RESET)
 <LI><a href="#[39]">I2C1_EV_IRQHandler</a> from startup_stm32f103xe.o(.text) referenced from startup_stm32f103xe.o(RESET)
 <LI><a href="#[3c]">I2C2_ER_IRQHandler</a> from startup_stm32f103xe.o(.text) referenced from startup_stm32f103xe.o(RESET)
 <LI><a href="#[3b]">I2C2_EV_IRQHandler</a> from startup_stm32f103xe.o(.text) referenced from startup_stm32f103xe.o(RESET)
 <LI><a href="#[13]">MemManage_Handler</a> from stm32f1xx_it.o(.text) referenced from startup_stm32f103xe.o(RESET)
 <LI><a href="#[11]">NMI_Handler</a> from stm32f1xx_it.o(.text) referenced from startup_stm32f103xe.o(RESET)
 <LI><a href="#[1b]">PVD_IRQHandler</a> from startup_stm32f103xe.o(.text) referenced from startup_stm32f103xe.o(RESET)
 <LI><a href="#[18]">PendSV_Handler</a> from stm32f1xx_it.o(.text) referenced from startup_stm32f103xe.o(RESET)
 <LI><a href="#[1f]">RCC_IRQHandler</a> from startup_stm32f103xe.o(.text) referenced from startup_stm32f103xe.o(RESET)
 <LI><a href="#[43]">RTC_Alarm_IRQHandler</a> from startup_stm32f103xe.o(.text) referenced from startup_stm32f103xe.o(RESET)
 <LI><a href="#[1d]">RTC_IRQHandler</a> from startup_stm32f103xe.o(.text) referenced from startup_stm32f103xe.o(RESET)
 <LI><a href="#[86]">ReadFlash</a> from st_flash.o(.text) referenced 2 times from st_flash.o(.constdata)
 <LI><a href="#[10]">Reset_Handler</a> from startup_stm32f103xe.o(.text) referenced from startup_stm32f103xe.o(RESET)
 <LI><a href="#[4b]">SDIO_IRQHandler</a> from startup_stm32f103xe.o(.text) referenced from startup_stm32f103xe.o(RESET)
 <LI><a href="#[3d]">SPI1_IRQHandler</a> from startup_stm32f103xe.o(.text) referenced from startup_stm32f103xe.o(RESET)
 <LI><a href="#[3e]">SPI2_IRQHandler</a> from startup_stm32f103xe.o(.text) referenced from startup_stm32f103xe.o(RESET)
 <LI><a href="#[4d]">SPI3_IRQHandler</a> from startup_stm32f103xe.o(.text) referenced from startup_stm32f103xe.o(RESET)
 <LI><a href="#[5b]">SPI_2linesRxISR_16BIT</a> from stm32f1xx_hal_spi.o(.text) referenced from stm32f1xx_hal_spi.o(.text)
 <LI><a href="#[5d]">SPI_2linesRxISR_8BIT</a> from stm32f1xx_hal_spi.o(.text) referenced from stm32f1xx_hal_spi.o(.text)
 <LI><a href="#[5c]">SPI_2linesTxISR_16BIT</a> from stm32f1xx_hal_spi.o(.text) referenced from stm32f1xx_hal_spi.o(.text)
 <LI><a href="#[5e]">SPI_2linesTxISR_8BIT</a> from stm32f1xx_hal_spi.o(.text) referenced from stm32f1xx_hal_spi.o(.text)
 <LI><a href="#[69]">SPI_AbortRx_ISR</a> from stm32f1xx_hal_spi.o(.text) referenced from stm32f1xx_hal_spi.o(.text)
 <LI><a href="#[68]">SPI_AbortTx_ISR</a> from stm32f1xx_hal_spi.o(.text) referenced from stm32f1xx_hal_spi.o(.text)
 <LI><a href="#[6c]">SPI_DMAAbortOnError</a> from stm32f1xx_hal_spi.o(.text) referenced from stm32f1xx_hal_spi.o(.text)
 <LI><a href="#[63]">SPI_DMAError</a> from stm32f1xx_hal_spi.o(.text) referenced from stm32f1xx_hal_spi.o(.text)
 <LI><a href="#[66]">SPI_DMAHalfReceiveCplt</a> from stm32f1xx_hal_spi.o(.text) referenced from stm32f1xx_hal_spi.o(.text)
 <LI><a href="#[61]">SPI_DMAHalfTransmitCplt</a> from stm32f1xx_hal_spi.o(.text) referenced from stm32f1xx_hal_spi.o(.text)
 <LI><a href="#[64]">SPI_DMAHalfTransmitReceiveCplt</a> from stm32f1xx_hal_spi.o(.text) referenced from stm32f1xx_hal_spi.o(.text)
 <LI><a href="#[67]">SPI_DMAReceiveCplt</a> from stm32f1xx_hal_spi.o(.text) referenced from stm32f1xx_hal_spi.o(.text)
 <LI><a href="#[6b]">SPI_DMARxAbortCallback</a> from stm32f1xx_hal_spi.o(.text) referenced from stm32f1xx_hal_spi.o(.text)
 <LI><a href="#[62]">SPI_DMATransmitCplt</a> from stm32f1xx_hal_spi.o(.text) referenced from stm32f1xx_hal_spi.o(.text)
 <LI><a href="#[65]">SPI_DMATransmitReceiveCplt</a> from stm32f1xx_hal_spi.o(.text) referenced from stm32f1xx_hal_spi.o(.text)
 <LI><a href="#[6a]">SPI_DMATxAbortCallback</a> from stm32f1xx_hal_spi.o(.text) referenced from stm32f1xx_hal_spi.o(.text)
 <LI><a href="#[5f]">SPI_RxISR_16BIT</a> from stm32f1xx_hal_spi.o(.text) referenced from stm32f1xx_hal_spi.o(.text)
 <LI><a href="#[60]">SPI_RxISR_8BIT</a> from stm32f1xx_hal_spi.o(.text) referenced from stm32f1xx_hal_spi.o(.text)
 <LI><a href="#[59]">SPI_TxISR_16BIT</a> from stm32f1xx_hal_spi.o(.text) referenced from stm32f1xx_hal_spi.o(.text)
 <LI><a href="#[5a]">SPI_TxISR_8BIT</a> from stm32f1xx_hal_spi.o(.text) referenced from stm32f1xx_hal_spi.o(.text)
 <LI><a href="#[16]">SVC_Handler</a> from stm32f1xx_it.o(.text) referenced from startup_stm32f103xe.o(RESET)
 <LI><a href="#[19]">SysTick_Handler</a> from stm32f1xx_it.o(.text) referenced from startup_stm32f103xe.o(RESET)
 <LI><a href="#[57]">SystemInit</a> from system_stm32f1xx.o(.text) referenced from startup_stm32f103xe.o(.text)
 <LI><a href="#[1c]">TAMPER_IRQHandler</a> from startup_stm32f103xe.o(.text) referenced from startup_stm32f103xe.o(RESET)
 <LI><a href="#[32]">TIM1_BRK_IRQHandler</a> from startup_stm32f103xe.o(.text) referenced from startup_stm32f103xe.o(RESET)
 <LI><a href="#[35]">TIM1_CC_IRQHandler</a> from startup_stm32f103xe.o(.text) referenced from startup_stm32f103xe.o(RESET)
 <LI><a href="#[34]">TIM1_TRG_COM_IRQHandler</a> from startup_stm32f103xe.o(.text) referenced from startup_stm32f103xe.o(RESET)
 <LI><a href="#[33]">TIM1_UP_IRQHandler</a> from startup_stm32f103xe.o(.text) referenced from startup_stm32f103xe.o(RESET)
 <LI><a href="#[36]">TIM2_IRQHandler</a> from stm32f1xx_it.o(.text) referenced from startup_stm32f103xe.o(RESET)
 <LI><a href="#[37]">TIM3_IRQHandler</a> from startup_stm32f103xe.o(.text) referenced from startup_stm32f103xe.o(RESET)
 <LI><a href="#[38]">TIM4_IRQHandler</a> from startup_stm32f103xe.o(.text) referenced from startup_stm32f103xe.o(RESET)
 <LI><a href="#[4c]">TIM5_IRQHandler</a> from startup_stm32f103xe.o(.text) referenced from startup_stm32f103xe.o(RESET)
 <LI><a href="#[50]">TIM6_IRQHandler</a> from startup_stm32f103xe.o(.text) referenced from startup_stm32f103xe.o(RESET)
 <LI><a href="#[51]">TIM7_IRQHandler</a> from startup_stm32f103xe.o(.text) referenced from startup_stm32f103xe.o(RESET)
 <LI><a href="#[45]">TIM8_BRK_IRQHandler</a> from startup_stm32f103xe.o(.text) referenced from startup_stm32f103xe.o(RESET)
 <LI><a href="#[48]">TIM8_CC_IRQHandler</a> from startup_stm32f103xe.o(.text) referenced from startup_stm32f103xe.o(RESET)
 <LI><a href="#[47]">TIM8_TRG_COM_IRQHandler</a> from startup_stm32f103xe.o(.text) referenced from startup_stm32f103xe.o(RESET)
 <LI><a href="#[46]">TIM8_UP_IRQHandler</a> from startup_stm32f103xe.o(.text) referenced from startup_stm32f103xe.o(RESET)
 <LI><a href="#[72]">TIMEx_DMACommutationCplt</a> from stm32f1xx_hal_tim_ex.o(.text) referenced 2 times from stm32f1xx_hal_tim.o(.text)
 <LI><a href="#[73]">TIMEx_DMACommutationHalfCplt</a> from stm32f1xx_hal_tim_ex.o(.text) referenced 2 times from stm32f1xx_hal_tim.o(.text)
 <LI><a href="#[76]">TIM_DMACaptureCplt</a> from stm32f1xx_hal_tim.o(.text) referenced 4 times from stm32f1xx_hal_tim_ex.o(.text)
 <LI><a href="#[77]">TIM_DMACaptureHalfCplt</a> from stm32f1xx_hal_tim.o(.text) referenced 4 times from stm32f1xx_hal_tim_ex.o(.text)
 <LI><a href="#[70]">TIM_DMADelayPulseCplt</a> from stm32f1xx_hal_tim.o(.text) referenced 5 times from stm32f1xx_hal_tim.o(.text)
 <LI><a href="#[71]">TIM_DMADelayPulseHalfCplt</a> from stm32f1xx_hal_tim.o(.text) referenced 5 times from stm32f1xx_hal_tim.o(.text)
 <LI><a href="#[6f]">TIM_DMAError</a> from stm32f1xx_hal_tim.o(.text) referenced 8 times from stm32f1xx_hal_tim.o(.text)
 <LI><a href="#[6d]">TIM_DMAPeriodElapsedCplt</a> from stm32f1xx_hal_tim.o(.text) referenced 2 times from stm32f1xx_hal_tim.o(.text)
 <LI><a href="#[6e]">TIM_DMAPeriodElapsedHalfCplt</a> from stm32f1xx_hal_tim.o(.text) referenced 2 times from stm32f1xx_hal_tim.o(.text)
 <LI><a href="#[74]">TIM_DMATriggerCplt</a> from stm32f1xx_hal_tim.o(.text) referenced from stm32f1xx_hal_tim.o(.text)
 <LI><a href="#[75]">TIM_DMATriggerHalfCplt</a> from stm32f1xx_hal_tim.o(.text) referenced from stm32f1xx_hal_tim.o(.text)
 <LI><a href="#[4e]">UART4_IRQHandler</a> from startup_stm32f103xe.o(.text) referenced from startup_stm32f103xe.o(RESET)
 <LI><a href="#[4f]">UART5_IRQHandler</a> from startup_stm32f103xe.o(.text) referenced from startup_stm32f103xe.o(RESET)
 <LI><a href="#[81]">UART_DMAAbortOnError</a> from stm32f1xx_hal_uart.o(.text) referenced from stm32f1xx_hal_uart.o(.text)
 <LI><a href="#[7a]">UART_DMAError</a> from stm32f1xx_hal_uart.o(.text) referenced from stm32f1xx_hal_uart.o(.text)
 <LI><a href="#[7b]">UART_DMAReceiveCplt</a> from stm32f1xx_hal_uart.o(.text) referenced from stm32f1xx_hal_uart.o(.text)
 <LI><a href="#[7e]">UART_DMARxAbortCallback</a> from stm32f1xx_hal_uart.o(.text) referenced from stm32f1xx_hal_uart.o(.text)
 <LI><a href="#[7c]">UART_DMARxHalfCplt</a> from stm32f1xx_hal_uart.o(.text) referenced from stm32f1xx_hal_uart.o(.text)
 <LI><a href="#[80]">UART_DMARxOnlyAbortCallback</a> from stm32f1xx_hal_uart.o(.text) referenced from stm32f1xx_hal_uart.o(.text)
 <LI><a href="#[78]">UART_DMATransmitCplt</a> from stm32f1xx_hal_uart.o(.text) referenced from stm32f1xx_hal_uart.o(.text)
 <LI><a href="#[7d]">UART_DMATxAbortCallback</a> from stm32f1xx_hal_uart.o(.text) referenced from stm32f1xx_hal_uart.o(.text)
 <LI><a href="#[79]">UART_DMATxHalfCplt</a> from stm32f1xx_hal_uart.o(.text) referenced from stm32f1xx_hal_uart.o(.text)
 <LI><a href="#[7f]">UART_DMATxOnlyAbortCallback</a> from stm32f1xx_hal_uart.o(.text) referenced from stm32f1xx_hal_uart.o(.text)
 <LI><a href="#[3f]">USART1_IRQHandler</a> from serial.o(.text) referenced from startup_stm32f103xe.o(RESET)
 <LI><a href="#[40]">USART2_IRQHandler</a> from serial.o(.text) referenced from startup_stm32f103xe.o(RESET)
 <LI><a href="#[41]">USART3_IRQHandler</a> from startup_stm32f103xe.o(.text) referenced from startup_stm32f103xe.o(RESET)
 <LI><a href="#[44]">USBWakeUp_IRQHandler</a> from startup_stm32f103xe.o(.text) referenced from startup_stm32f103xe.o(RESET)
 <LI><a href="#[2d]">USB_HP_CAN1_TX_IRQHandler</a> from startup_stm32f103xe.o(.text) referenced from startup_stm32f103xe.o(RESET)
 <LI><a href="#[2e]">USB_LP_CAN1_RX0_IRQHandler</a> from startup_stm32f103xe.o(.text) referenced from startup_stm32f103xe.o(RESET)
 <LI><a href="#[15]">UsageFault_Handler</a> from stm32f1xx_it.o(.text) referenced from startup_stm32f103xe.o(RESET)
 <LI><a href="#[1a]">WWDG_IRQHandler</a> from startup_stm32f103xe.o(.text) referenced from startup_stm32f103xe.o(RESET)
 <LI><a href="#[85]">WriteFlash</a> from st_flash.o(.text) referenced 2 times from st_flash.o(.constdata)
 <LI><a href="#[89]">WriteFlashNoCheck</a> from ex_flash.o(.text) referenced from ex_flash.o(.constdata)
 <LI><a href="#[84]">WriteNotCheck</a> from st_flash.o(.text) referenced from st_flash.o(.constdata)
 <LI><a href="#[58]">__main</a> from entry.o(.ARM.Collect$$$$00000000) referenced from startup_stm32f103xe.o(.text)
 <LI><a href="#[87]">ex_flash_init</a> from ex_flash.o(.text) referenced from ex_flash.o(.constdata)
 <LI><a href="#[82]">fputc</a> from serial.o(.text) referenced from printf8.o(i.__0printf$8)
 <LI><a href="#[4]">iap_firmware_complete_check</a> from iap_protocols.o(.text) referenced 2 times from iap_protocols.o(.data)
 <LI><a href="#[2]">iap_frame_data</a> from iap_protocols.o(.text) referenced 2 times from iap_protocols.o(.data)
 <LI><a href="#[1]">iap_frame_info</a> from iap_protocols.o(.text) referenced 2 times from iap_protocols.o(.data)
 <LI><a href="#[3]">iap_frame_patch</a> from iap_protocols.o(.text) referenced 2 times from iap_protocols.o(.data)
 <LI><a href="#[0]">iap_init</a> from iap_protocols.o(.text) referenced 2 times from iap_protocols.o(.data)
 <LI><a href="#[5]">iap_reset_system</a> from iap_protocols.o(.text) referenced 2 times from iap_protocols.o(.data)
 <LI><a href="#[d]">is_serial_xjy_fifo_empty</a> from serial_def_fifo.o(.text) referenced 2 times from serial_def_fifo.o(.data)
 <LI><a href="#[56]">main</a> from main.o(.text) referenced from entry9a.o(.ARM.Collect$$$$0000000B)
 <LI><a href="#[9]">p485_rec_decode_task</a> from command.o(.text) referenced 2 times from mini_dispatch.o(.data)
 <LI><a href="#[8]">p485_send_data_task</a> from command.o(.text) referenced 2 times from mini_dispatch.o(.data)
 <LI><a href="#[7]">pt113_rec_decode_task</a> from command.o(.text) referenced 2 times from mini_dispatch.o(.data)
 <LI><a href="#[6]">read_card_task</a> from nfc_interface.o(.text) referenced 2 times from mini_dispatch.o(.data)
 <LI><a href="#[c]">serial_xjy_fifo_init_malloc</a> from serial_def_fifo.o(.text) referenced 2 times from serial_def_fifo.o(.data)
 <LI><a href="#[b]">serial_xjy_fifo_init_static</a> from serial_def_fifo.o(.text) referenced 2 times from serial_def_fifo.o(.data)
 <LI><a href="#[f]">serial_xjy_pop_item</a> from serial_def_fifo.o(.text) referenced 2 times from serial_def_fifo.o(.data)
 <LI><a href="#[e]">serial_xjy_push_item</a> from serial_def_fifo.o(.text) referenced 2 times from serial_def_fifo.o(.data)
 <LI><a href="#[a]">test_loop_task</a> from application.o(.text) referenced 2 times from mini_dispatch.o(.data)
</UL>
<P>
<H3>
Global Symbols
</H3>
<P><STRONG><a name="[58]"></a>__main</STRONG> (Thumb, 0 bytes, Stack size unknown bytes, entry.o(.ARM.Collect$$$$00000000))
<BR>[Address Reference Count : 1]<UL><LI> startup_stm32f103xe.o(.text)
</UL>
<P><STRONG><a name="[21e]"></a>_main_stk</STRONG> (Thumb, 0 bytes, Stack size unknown bytes, entry2.o(.ARM.Collect$$$$00000001))

<P><STRONG><a name="[8c]"></a>_main_scatterload</STRONG> (Thumb, 0 bytes, Stack size unknown bytes, entry5.o(.ARM.Collect$$$$00000004))
<BR><BR>[Calls]<UL><LI><a href="#[8d]">&gt;&gt;</a>&nbsp;&nbsp;&nbsp;__scatterload
</UL>

<P><STRONG><a name="[219]"></a>__main_after_scatterload</STRONG> (Thumb, 0 bytes, Stack size unknown bytes, entry5.o(.ARM.Collect$$$$00000004))
<BR><BR>[Called By]<UL><LI><a href="#[8d]">&gt;&gt;</a>&nbsp;&nbsp;&nbsp;__scatterload
</UL>

<P><STRONG><a name="[21f]"></a>_main_clock</STRONG> (Thumb, 0 bytes, Stack size unknown bytes, entry7b.o(.ARM.Collect$$$$00000008))

<P><STRONG><a name="[220]"></a>_main_cpp_init</STRONG> (Thumb, 0 bytes, Stack size unknown bytes, entry8b.o(.ARM.Collect$$$$0000000A))

<P><STRONG><a name="[221]"></a>_main_init</STRONG> (Thumb, 0 bytes, Stack size unknown bytes, entry9a.o(.ARM.Collect$$$$0000000B))

<P><STRONG><a name="[222]"></a>__rt_lib_shutdown_fini</STRONG> (Thumb, 0 bytes, Stack size unknown bytes, entry12b.o(.ARM.Collect$$$$0000000E))

<P><STRONG><a name="[223]"></a>__rt_final_cpp</STRONG> (Thumb, 0 bytes, Stack size unknown bytes, entry10a.o(.ARM.Collect$$$$0000000F))

<P><STRONG><a name="[224]"></a>__rt_final_exit</STRONG> (Thumb, 0 bytes, Stack size unknown bytes, entry11a.o(.ARM.Collect$$$$00000011))

<P><STRONG><a name="[56]"></a>main</STRONG> (Thumb, 10 bytes, Stack size 0 bytes, main.o(.text))
<BR><BR>[Stack]<UL><LI>Max Depth = 168<LI>Call Chain = main &rArr; systerm_init &rArr; bsp_init &rArr; nfc_init &rArr; RC663_Init &rArr; RC663_SPI_Init &rArr; HAL_SPI_Init &rArr; HAL_SPI_MspInit &rArr; HAL_GPIO_Init
</UL>
<BR>[Calls]<UL><LI><a href="#[8e]">&gt;&gt;</a>&nbsp;&nbsp;&nbsp;systerm_init
<LI><a href="#[8f]">&gt;&gt;</a>&nbsp;&nbsp;&nbsp;app_dispatch
</UL>
<BR>[Address Reference Count : 1]<UL><LI> entry9a.o(.ARM.Collect$$$$0000000B)
</UL>
<P><STRONG><a name="[24]"></a>EXTI4_IRQHandler</STRONG> (Thumb, 10 bytes, Stack size 0 bytes, stm32f1xx_it.o(.text))
<BR><BR>[Stack]<UL><LI>Max Depth = 8<LI>Call Chain = EXTI4_IRQHandler &rArr; HAL_GPIO_EXTI_IRQHandler
</UL>
<BR>[Calls]<UL><LI><a href="#[90]">&gt;&gt;</a>&nbsp;&nbsp;&nbsp;HAL_GPIO_EXTI_IRQHandler
</UL>
<BR>[Address Reference Count : 1]<UL><LI> startup_stm32f103xe.o(RESET)
</UL>
<P><STRONG><a name="[11]"></a>NMI_Handler</STRONG> (Thumb, 2 bytes, Stack size 0 bytes, stm32f1xx_it.o(.text))
<BR>[Address Reference Count : 1]<UL><LI> startup_stm32f103xe.o(RESET)
</UL>
<P><STRONG><a name="[12]"></a>HardFault_Handler</STRONG> (Thumb, 2 bytes, Stack size 0 bytes, stm32f1xx_it.o(.text))
<BR><BR>[Calls]<UL><LI><a href="#[12]">&gt;&gt;</a>&nbsp;&nbsp;&nbsp;HardFault_Handler
</UL>
<BR>[Called By]<UL><LI><a href="#[12]">&gt;&gt;</a>&nbsp;&nbsp;&nbsp;HardFault_Handler
</UL>
<BR>[Address Reference Count : 1]<UL><LI> startup_stm32f103xe.o(RESET)
</UL>
<P><STRONG><a name="[13]"></a>MemManage_Handler</STRONG> (Thumb, 2 bytes, Stack size 0 bytes, stm32f1xx_it.o(.text))
<BR><BR>[Calls]<UL><LI><a href="#[13]">&gt;&gt;</a>&nbsp;&nbsp;&nbsp;MemManage_Handler
</UL>
<BR>[Called By]<UL><LI><a href="#[13]">&gt;&gt;</a>&nbsp;&nbsp;&nbsp;MemManage_Handler
</UL>
<BR>[Address Reference Count : 1]<UL><LI> startup_stm32f103xe.o(RESET)
</UL>
<P><STRONG><a name="[14]"></a>BusFault_Handler</STRONG> (Thumb, 2 bytes, Stack size 0 bytes, stm32f1xx_it.o(.text))
<BR><BR>[Calls]<UL><LI><a href="#[14]">&gt;&gt;</a>&nbsp;&nbsp;&nbsp;BusFault_Handler
</UL>
<BR>[Called By]<UL><LI><a href="#[14]">&gt;&gt;</a>&nbsp;&nbsp;&nbsp;BusFault_Handler
</UL>
<BR>[Address Reference Count : 1]<UL><LI> startup_stm32f103xe.o(RESET)
</UL>
<P><STRONG><a name="[15]"></a>UsageFault_Handler</STRONG> (Thumb, 2 bytes, Stack size 0 bytes, stm32f1xx_it.o(.text))
<BR><BR>[Calls]<UL><LI><a href="#[15]">&gt;&gt;</a>&nbsp;&nbsp;&nbsp;UsageFault_Handler
</UL>
<BR>[Called By]<UL><LI><a href="#[15]">&gt;&gt;</a>&nbsp;&nbsp;&nbsp;UsageFault_Handler
</UL>
<BR>[Address Reference Count : 1]<UL><LI> startup_stm32f103xe.o(RESET)
</UL>
<P><STRONG><a name="[16]"></a>SVC_Handler</STRONG> (Thumb, 2 bytes, Stack size 0 bytes, stm32f1xx_it.o(.text))
<BR>[Address Reference Count : 1]<UL><LI> startup_stm32f103xe.o(RESET)
</UL>
<P><STRONG><a name="[17]"></a>DebugMon_Handler</STRONG> (Thumb, 2 bytes, Stack size 0 bytes, stm32f1xx_it.o(.text))
<BR>[Address Reference Count : 1]<UL><LI> startup_stm32f103xe.o(RESET)
</UL>
<P><STRONG><a name="[18]"></a>PendSV_Handler</STRONG> (Thumb, 2 bytes, Stack size 0 bytes, stm32f1xx_it.o(.text))
<BR>[Address Reference Count : 1]<UL><LI> startup_stm32f103xe.o(RESET)
</UL>
<P><STRONG><a name="[19]"></a>SysTick_Handler</STRONG> (Thumb, 14 bytes, Stack size 8 bytes, stm32f1xx_it.o(.text))
<BR><BR>[Stack]<UL><LI>Max Depth = 16<LI>Call Chain = SysTick_Handler &rArr; HAL_SysTick_Callback &rArr; TaskRemarks
</UL>
<BR>[Calls]<UL><LI><a href="#[92]">&gt;&gt;</a>&nbsp;&nbsp;&nbsp;HAL_SysTick_Callback
<LI><a href="#[91]">&gt;&gt;</a>&nbsp;&nbsp;&nbsp;HAL_IncTick
</UL>
<BR>[Address Reference Count : 1]<UL><LI> startup_stm32f103xe.o(RESET)
</UL>
<P><STRONG><a name="[36]"></a>TIM2_IRQHandler</STRONG> (Thumb, 6 bytes, Stack size 0 bytes, stm32f1xx_it.o(.text))
<BR><BR>[Stack]<UL><LI>Max Depth = 16<LI>Call Chain = TIM2_IRQHandler &rArr; HAL_TIM_IRQHandler
</UL>
<BR>[Calls]<UL><LI><a href="#[93]">&gt;&gt;</a>&nbsp;&nbsp;&nbsp;HAL_TIM_IRQHandler
</UL>
<BR>[Address Reference Count : 1]<UL><LI> startup_stm32f103xe.o(RESET)
</UL>
<P><STRONG><a name="[28]"></a>DMA1_Channel4_IRQHandler</STRONG> (Thumb, 2 bytes, Stack size 0 bytes, stm32f1xx_it.o(.text))
<BR>[Address Reference Count : 1]<UL><LI> startup_stm32f103xe.o(RESET)
</UL>
<P><STRONG><a name="[29]"></a>DMA1_Channel5_IRQHandler</STRONG> (Thumb, 6 bytes, Stack size 0 bytes, stm32f1xx_it.o(.text))
<BR><BR>[Stack]<UL><LI>Max Depth = 40<LI>Call Chain = DMA1_Channel5_IRQHandler &rArr; HAL_DMA_IRQHandler
</UL>
<BR>[Calls]<UL><LI><a href="#[94]">&gt;&gt;</a>&nbsp;&nbsp;&nbsp;HAL_DMA_IRQHandler
</UL>
<BR>[Address Reference Count : 1]<UL><LI> startup_stm32f103xe.o(RESET)
</UL>
<P><STRONG><a name="[2a]"></a>DMA1_Channel6_IRQHandler</STRONG> (Thumb, 6 bytes, Stack size 0 bytes, stm32f1xx_it.o(.text))
<BR><BR>[Stack]<UL><LI>Max Depth = 40<LI>Call Chain = DMA1_Channel6_IRQHandler &rArr; HAL_DMA_IRQHandler
</UL>
<BR>[Calls]<UL><LI><a href="#[94]">&gt;&gt;</a>&nbsp;&nbsp;&nbsp;HAL_DMA_IRQHandler
</UL>
<BR>[Address Reference Count : 1]<UL><LI> startup_stm32f103xe.o(RESET)
</UL>
<P><STRONG><a name="[95]"></a>HAL_MspInit</STRONG> (Thumb, 62 bytes, Stack size 8 bytes, stm32f1xx_hal_msp.o(.text))
<BR><BR>[Stack]<UL><LI>Max Depth = 24<LI>Call Chain = HAL_MspInit &rArr; HAL_NVIC_SetPriority
</UL>
<BR>[Calls]<UL><LI><a href="#[96]">&gt;&gt;</a>&nbsp;&nbsp;&nbsp;HAL_NVIC_SetPriority
</UL>
<BR>[Called By]<UL><LI><a href="#[a5]">&gt;&gt;</a>&nbsp;&nbsp;&nbsp;HAL_Init
</UL>

<P><STRONG><a name="[97]"></a>HAL_SPI_MspInit</STRONG> (Thumb, 192 bytes, Stack size 56 bytes, stm32f1xx_hal_msp.o(.text))
<BR><BR>[Stack]<UL><LI>Max Depth = 96<LI>Call Chain = HAL_SPI_MspInit &rArr; HAL_GPIO_Init
</UL>
<BR>[Calls]<UL><LI><a href="#[98]">&gt;&gt;</a>&nbsp;&nbsp;&nbsp;HAL_GPIO_Init
</UL>
<BR>[Called By]<UL><LI><a href="#[fb]">&gt;&gt;</a>&nbsp;&nbsp;&nbsp;HAL_SPI_Init
</UL>

<P><STRONG><a name="[99]"></a>HAL_SPI_MspDeInit</STRONG> (Thumb, 66 bytes, Stack size 0 bytes, stm32f1xx_hal_msp.o(.text), UNUSED)
<BR><BR>[Calls]<UL><LI><a href="#[9a]">&gt;&gt;</a>&nbsp;&nbsp;&nbsp;HAL_GPIO_DeInit
</UL>
<BR>[Called By]<UL><LI><a href="#[13d]">&gt;&gt;</a>&nbsp;&nbsp;&nbsp;HAL_SPI_DeInit
</UL>

<P><STRONG><a name="[9b]"></a>HAL_UART_MspInit</STRONG> (Thumb, 334 bytes, Stack size 56 bytes, stm32f1xx_hal_msp.o(.text))
<BR><BR>[Stack]<UL><LI>Max Depth = 96<LI>Call Chain = HAL_UART_MspInit &rArr; HAL_GPIO_Init
</UL>
<BR>[Calls]<UL><LI><a href="#[96]">&gt;&gt;</a>&nbsp;&nbsp;&nbsp;HAL_NVIC_SetPriority
<LI><a href="#[9e]">&gt;&gt;</a>&nbsp;&nbsp;&nbsp;HAL_NVIC_EnableIRQ
<LI><a href="#[98]">&gt;&gt;</a>&nbsp;&nbsp;&nbsp;HAL_GPIO_Init
<LI><a href="#[9c]">&gt;&gt;</a>&nbsp;&nbsp;&nbsp;HAL_DMA_Init
<LI><a href="#[9d]">&gt;&gt;</a>&nbsp;&nbsp;&nbsp;Error_Handler
</UL>
<BR>[Called By]<UL><LI><a href="#[11c]">&gt;&gt;</a>&nbsp;&nbsp;&nbsp;HAL_UART_Init
<LI><a href="#[1d4]">&gt;&gt;</a>&nbsp;&nbsp;&nbsp;HAL_MultiProcessor_Init
<LI><a href="#[1d3]">&gt;&gt;</a>&nbsp;&nbsp;&nbsp;HAL_LIN_Init
<LI><a href="#[1d2]">&gt;&gt;</a>&nbsp;&nbsp;&nbsp;HAL_HalfDuplex_Init
</UL>

<P><STRONG><a name="[9f]"></a>HAL_UART_MspDeInit</STRONG> (Thumb, 90 bytes, Stack size 16 bytes, stm32f1xx_hal_msp.o(.text), UNUSED)
<BR><BR>[Calls]<UL><LI><a href="#[9a]">&gt;&gt;</a>&nbsp;&nbsp;&nbsp;HAL_GPIO_DeInit
</UL>
<BR>[Called By]<UL><LI><a href="#[1d5]">&gt;&gt;</a>&nbsp;&nbsp;&nbsp;HAL_UART_DeInit
</UL>

<P><STRONG><a name="[a0]"></a>SystemClock_Config</STRONG> (Thumb, 122 bytes, Stack size 96 bytes, application.o(.text), UNUSED)
<BR><BR>[Calls]<UL><LI><a href="#[a2]">&gt;&gt;</a>&nbsp;&nbsp;&nbsp;HAL_RCC_OscConfig
<LI><a href="#[a3]">&gt;&gt;</a>&nbsp;&nbsp;&nbsp;HAL_RCC_ClockConfig
<LI><a href="#[a4]">&gt;&gt;</a>&nbsp;&nbsp;&nbsp;HAL_RCCEx_PeriphCLKConfig
<LI><a href="#[9d]">&gt;&gt;</a>&nbsp;&nbsp;&nbsp;Error_Handler
<LI><a href="#[a1]">&gt;&gt;</a>&nbsp;&nbsp;&nbsp;__aeabi_memclr4
</UL>

<P><STRONG><a name="[8e]"></a>systerm_init</STRONG> (Thumb, 58 bytes, Stack size 8 bytes, application.o(.text))
<BR><BR>[Stack]<UL><LI>Max Depth = 168<LI>Call Chain = systerm_init &rArr; bsp_init &rArr; nfc_init &rArr; RC663_Init &rArr; RC663_SPI_Init &rArr; HAL_SPI_Init &rArr; HAL_SPI_MspInit &rArr; HAL_GPIO_Init
</UL>
<BR>[Calls]<UL><LI><a href="#[a7]">&gt;&gt;</a>&nbsp;&nbsp;&nbsp;st_crc_init
<LI><a href="#[a8]">&gt;&gt;</a>&nbsp;&nbsp;&nbsp;read_config_param
<LI><a href="#[a6]">&gt;&gt;</a>&nbsp;&nbsp;&nbsp;bsp_init
<LI><a href="#[a5]">&gt;&gt;</a>&nbsp;&nbsp;&nbsp;HAL_Init
<LI><a href="#[a9]">&gt;&gt;</a>&nbsp;&nbsp;&nbsp;__2printf
</UL>
<BR>[Called By]<UL><LI><a href="#[56]">&gt;&gt;</a>&nbsp;&nbsp;&nbsp;main
</UL>

<P><STRONG><a name="[8f]"></a>app_dispatch</STRONG> (Thumb, 6 bytes, Stack size 0 bytes, application.o(.text))
<BR><BR>[Stack]<UL><LI>Max Depth = 16<LI>Call Chain = app_dispatch &rArr; TaskProcess
</UL>
<BR>[Calls]<UL><LI><a href="#[aa]">&gt;&gt;</a>&nbsp;&nbsp;&nbsp;TaskProcess
</UL>
<BR>[Called By]<UL><LI><a href="#[56]">&gt;&gt;</a>&nbsp;&nbsp;&nbsp;main
</UL>

<P><STRONG><a name="[92]"></a>HAL_SysTick_Callback</STRONG> (Thumb, 4 bytes, Stack size 0 bytes, application.o(.text))
<BR><BR>[Stack]<UL><LI>Max Depth = 8<LI>Call Chain = HAL_SysTick_Callback &rArr; TaskRemarks
</UL>
<BR>[Calls]<UL><LI><a href="#[ab]">&gt;&gt;</a>&nbsp;&nbsp;&nbsp;TaskRemarks
</UL>
<BR>[Called By]<UL><LI><a href="#[19]">&gt;&gt;</a>&nbsp;&nbsp;&nbsp;SysTick_Handler
</UL>

<P><STRONG><a name="[ac]"></a>Slave_SendTestCmd</STRONG> (Thumb, 50 bytes, Stack size 168 bytes, application.o(.text), UNUSED)
<BR><BR>[Calls]<UL><LI><a href="#[ae]">&gt;&gt;</a>&nbsp;&nbsp;&nbsp;st_crc32
<LI><a href="#[ad]">&gt;&gt;</a>&nbsp;&nbsp;&nbsp;__aeabi_memset
</UL>

<P><STRONG><a name="[a]"></a>test_loop_task</STRONG> (Thumb, 22 bytes, Stack size 8 bytes, application.o(.text))
<BR><BR>[Stack]<UL><LI>Max Depth = 32<LI>Call Chain = test_loop_task &rArr; __2printf
</UL>
<BR>[Calls]<UL><LI><a href="#[af]">&gt;&gt;</a>&nbsp;&nbsp;&nbsp;set_run_led_toggle
<LI><a href="#[a9]">&gt;&gt;</a>&nbsp;&nbsp;&nbsp;__2printf
</UL>
<BR>[Address Reference Count : 1]<UL><LI> mini_dispatch.o(.data)
</UL>
<P><STRONG><a name="[225]"></a>inter_init</STRONG> (Thumb, 2 bytes, Stack size 0 bytes, interface.o(.text), UNUSED)

<P><STRONG><a name="[a8]"></a>read_config_param</STRONG> (Thumb, 108 bytes, Stack size 16 bytes, interface.o(.text))
<BR><BR>[Stack]<UL><LI>Max Depth = 32<LI>Call Chain = read_config_param &rArr; crc32
</UL>
<BR>[Calls]<UL><LI><a href="#[b0]">&gt;&gt;</a>&nbsp;&nbsp;&nbsp;crc32
</UL>
<BR>[Called By]<UL><LI><a href="#[8e]">&gt;&gt;</a>&nbsp;&nbsp;&nbsp;systerm_init
</UL>

<P><STRONG><a name="[b1]"></a>write_config_param</STRONG> (Thumb, 112 bytes, Stack size 24 bytes, interface.o(.text), UNUSED)
<BR><BR>[Calls]<UL><LI><a href="#[b0]">&gt;&gt;</a>&nbsp;&nbsp;&nbsp;crc32
</UL>

<P><STRONG><a name="[226]"></a>crc16CcittFun</STRONG> (Thumb, 56 bytes, Stack size 16 bytes, command.o(.text), UNUSED)

<P><STRONG><a name="[b2]"></a>checkReceiveDataFun</STRONG> (Thumb, 152 bytes, Stack size 40 bytes, command.o(.text), UNUSED)
<BR><BR>[Calls]<UL><LI><a href="#[b3]">&gt;&gt;</a>&nbsp;&nbsp;&nbsp;CRC32DataCheckFun
<LI><a href="#[a9]">&gt;&gt;</a>&nbsp;&nbsp;&nbsp;__2printf
</UL>

<P><STRONG><a name="[fa]"></a>clear_weigh_flag</STRONG> (Thumb, 2 bytes, Stack size 0 bytes, command.o(.text))
<BR><BR>[Called By]<UL><LI><a href="#[f9]">&gt;&gt;</a>&nbsp;&nbsp;&nbsp;rc663_read_card_block
</UL>

<P><STRONG><a name="[b4]"></a>p485_frame_parse</STRONG> (Thumb, 114 bytes, Stack size 16 bytes, command.o(.text))
<BR><BR>[Stack]<UL><LI>Max Depth = 40<LI>Call Chain = p485_frame_parse &rArr; __2printf
</UL>
<BR>[Calls]<UL><LI><a href="#[b6]">&gt;&gt;</a>&nbsp;&nbsp;&nbsp;MB_CRC16
<LI><a href="#[b5]">&gt;&gt;</a>&nbsp;&nbsp;&nbsp;__aeabi_memcpy
<LI><a href="#[a9]">&gt;&gt;</a>&nbsp;&nbsp;&nbsp;__2printf
</UL>
<BR>[Called By]<UL><LI><a href="#[9]">&gt;&gt;</a>&nbsp;&nbsp;&nbsp;p485_rec_decode_task
</UL>

<P><STRONG><a name="[b7]"></a>p485_instance_init</STRONG> (Thumb, 8 bytes, Stack size 0 bytes, command.o(.text), UNUSED)
<BR><BR>[Calls]<UL><LI><a href="#[b8]">&gt;&gt;</a>&nbsp;&nbsp;&nbsp;msg_485_queue_init
</UL>

<P><STRONG><a name="[b9]"></a>p485_push_data_msg</STRONG> (Thumb, 10 bytes, Stack size 0 bytes, command.o(.text))
<BR><BR>[Stack]<UL><LI>Max Depth = 16<LI>Call Chain = p485_push_data_msg &rArr; msg_485_queue_push
</UL>
<BR>[Calls]<UL><LI><a href="#[ba]">&gt;&gt;</a>&nbsp;&nbsp;&nbsp;msg_485_queue_push
</UL>
<BR>[Called By]<UL><LI><a href="#[40]">&gt;&gt;</a>&nbsp;&nbsp;&nbsp;USART2_IRQHandler
</UL>

<P><STRONG><a name="[8]"></a>p485_send_data_task</STRONG> (Thumb, 10 bytes, Stack size 0 bytes, command.o(.text))
<BR><BR>[Stack]<UL><LI>Max Depth = 88<LI>Call Chain = p485_send_data_task &rArr; HAL_485_Send_Data &rArr; HAL_USART_Send_Data &rArr; HAL_UART_Transmit &rArr; UART_WaitOnFlagUntilTimeout
</UL>
<BR>[Calls]<UL><LI><a href="#[bb]">&gt;&gt;</a>&nbsp;&nbsp;&nbsp;HAL_485_Send_Data
</UL>
<BR>[Address Reference Count : 1]<UL><LI> mini_dispatch.o(.data)
</UL>
<P><STRONG><a name="[9]"></a>p485_rec_decode_task</STRONG> (Thumb, 56 bytes, Stack size 8 bytes, command.o(.text))
<BR><BR>[Stack]<UL><LI>Max Depth = 48<LI>Call Chain = p485_rec_decode_task &rArr; p485_frame_parse &rArr; __2printf
</UL>
<BR>[Calls]<UL><LI><a href="#[bd]">&gt;&gt;</a>&nbsp;&nbsp;&nbsp;msg_485_queue_pop
<LI><a href="#[bc]">&gt;&gt;</a>&nbsp;&nbsp;&nbsp;msg_485_queue_num
<LI><a href="#[b4]">&gt;&gt;</a>&nbsp;&nbsp;&nbsp;p485_frame_parse
</UL>
<BR>[Address Reference Count : 1]<UL><LI> mini_dispatch.o(.data)
</UL>
<P><STRONG><a name="[c6]"></a>pt113_instance_init</STRONG> (Thumb, 6 bytes, Stack size 0 bytes, command.o(.text), UNUSED)
<BR><BR>[Calls]<UL><LI><a href="#[c7]">&gt;&gt;</a>&nbsp;&nbsp;&nbsp;msg_t113_queue_init
</UL>

<P><STRONG><a name="[c8]"></a>pt113_push_data_msg</STRONG> (Thumb, 8 bytes, Stack size 0 bytes, command.o(.text))
<BR><BR>[Stack]<UL><LI>Max Depth = 16<LI>Call Chain = pt113_push_data_msg &rArr; msg_t113_queue_push
</UL>
<BR>[Calls]<UL><LI><a href="#[c9]">&gt;&gt;</a>&nbsp;&nbsp;&nbsp;msg_t113_queue_push
</UL>
<BR>[Called By]<UL><LI><a href="#[3f]">&gt;&gt;</a>&nbsp;&nbsp;&nbsp;USART1_IRQHandler
<LI><a href="#[120]">&gt;&gt;</a>&nbsp;&nbsp;&nbsp;HAL_UART_RxCpltCallback
</UL>

<P><STRONG><a name="[227]"></a>pt113_send_data_task</STRONG> (Thumb, 2 bytes, Stack size 0 bytes, command.o(.text), UNUSED)

<P><STRONG><a name="[7]"></a>pt113_rec_decode_task</STRONG> (Thumb, 56 bytes, Stack size 8 bytes, command.o(.text))
<BR><BR>[Stack]<UL><LI>Max Depth = 280<LI>Call Chain = pt113_rec_decode_task &rArr; pt113_frame_parse &rArr; iap_simply_ack &rArr; HAL_T113_Uart_Send_Data &rArr; HAL_USART_Send_Data &rArr; HAL_UART_Transmit &rArr; UART_WaitOnFlagUntilTimeout
</UL>
<BR>[Calls]<UL><LI><a href="#[cb]">&gt;&gt;</a>&nbsp;&nbsp;&nbsp;msg_t113_queue_pop
<LI><a href="#[ca]">&gt;&gt;</a>&nbsp;&nbsp;&nbsp;msg_t113_queue_num
<LI><a href="#[c0]">&gt;&gt;</a>&nbsp;&nbsp;&nbsp;pt113_frame_parse
</UL>
<BR>[Address Reference Count : 1]<UL><LI> mini_dispatch.o(.data)
</UL>
<P><STRONG><a name="[ce]"></a>RC663_SPIWriteByte</STRONG> (Thumb, 22 bytes, Stack size 0 bytes, rc663.o(.text))
<BR><BR>[Called By]<UL><LI><a href="#[d3]">&gt;&gt;</a>&nbsp;&nbsp;&nbsp;RC663_WriteReg
<LI><a href="#[cc]">&gt;&gt;</a>&nbsp;&nbsp;&nbsp;RC663_ReadReg
</UL>

<P><STRONG><a name="[cc]"></a>RC663_ReadReg</STRONG> (Thumb, 56 bytes, Stack size 16 bytes, rc663.o(.text))
<BR><BR>[Stack]<UL><LI>Max Depth = 16<LI>Call Chain = RC663_ReadReg
</UL>
<BR>[Calls]<UL><LI><a href="#[cf]">&gt;&gt;</a>&nbsp;&nbsp;&nbsp;delay_ns
<LI><a href="#[cd]">&gt;&gt;</a>&nbsp;&nbsp;&nbsp;HAL_GPIO_WritePin
<LI><a href="#[ce]">&gt;&gt;</a>&nbsp;&nbsp;&nbsp;RC663_SPIWriteByte
</UL>
<BR>[Called By]<UL><LI><a href="#[f6]">&gt;&gt;</a>&nbsp;&nbsp;&nbsp;RC663_Lpcd_Calib
<LI><a href="#[f5]">&gt;&gt;</a>&nbsp;&nbsp;&nbsp;RC663_CMD_Lpcd
<LI><a href="#[e0]">&gt;&gt;</a>&nbsp;&nbsp;&nbsp;RC663_PcdComTransceive
<LI><a href="#[de]">&gt;&gt;</a>&nbsp;&nbsp;&nbsp;RC663_CMD_MfcAuthenticate
<LI><a href="#[db]">&gt;&gt;</a>&nbsp;&nbsp;&nbsp;RC663_Command_Int
<LI><a href="#[d6]">&gt;&gt;</a>&nbsp;&nbsp;&nbsp;RC663_SetRawRC
<LI><a href="#[d5]">&gt;&gt;</a>&nbsp;&nbsp;&nbsp;RC663_ClearBitMask
<LI><a href="#[d4]">&gt;&gt;</a>&nbsp;&nbsp;&nbsp;RC663_SetBitMask
<LI><a href="#[d0]">&gt;&gt;</a>&nbsp;&nbsp;&nbsp;RC663_Init
</UL>

<P><STRONG><a name="[d0]"></a>RC663_Init</STRONG> (Thumb, 112 bytes, Stack size 32 bytes, rc663.o(.text))
<BR><BR>[Stack]<UL><LI>Max Depth = 152<LI>Call Chain = RC663_Init &rArr; RC663_SPI_Init &rArr; HAL_SPI_Init &rArr; HAL_SPI_MspInit &rArr; HAL_GPIO_Init
</UL>
<BR>[Calls]<UL><LI><a href="#[cd]">&gt;&gt;</a>&nbsp;&nbsp;&nbsp;HAL_GPIO_WritePin
<LI><a href="#[cc]">&gt;&gt;</a>&nbsp;&nbsp;&nbsp;RC663_ReadReg
<LI><a href="#[d2]">&gt;&gt;</a>&nbsp;&nbsp;&nbsp;delay_ms
<LI><a href="#[d1]">&gt;&gt;</a>&nbsp;&nbsp;&nbsp;RC663_SPI_Init
<LI><a href="#[96]">&gt;&gt;</a>&nbsp;&nbsp;&nbsp;HAL_NVIC_SetPriority
<LI><a href="#[9e]">&gt;&gt;</a>&nbsp;&nbsp;&nbsp;HAL_NVIC_EnableIRQ
<LI><a href="#[98]">&gt;&gt;</a>&nbsp;&nbsp;&nbsp;HAL_GPIO_Init
<LI><a href="#[a9]">&gt;&gt;</a>&nbsp;&nbsp;&nbsp;__2printf
</UL>
<BR>[Called By]<UL><LI><a href="#[fd]">&gt;&gt;</a>&nbsp;&nbsp;&nbsp;nfc_init
</UL>

<P><STRONG><a name="[d3]"></a>RC663_WriteReg</STRONG> (Thumb, 52 bytes, Stack size 16 bytes, rc663.o(.text))
<BR><BR>[Stack]<UL><LI>Max Depth = 16<LI>Call Chain = RC663_WriteReg
</UL>
<BR>[Calls]<UL><LI><a href="#[cf]">&gt;&gt;</a>&nbsp;&nbsp;&nbsp;delay_ns
<LI><a href="#[cd]">&gt;&gt;</a>&nbsp;&nbsp;&nbsp;HAL_GPIO_WritePin
<LI><a href="#[ce]">&gt;&gt;</a>&nbsp;&nbsp;&nbsp;RC663_SPIWriteByte
</UL>
<BR>[Called By]<UL><LI><a href="#[f7]">&gt;&gt;</a>&nbsp;&nbsp;&nbsp;RC663_Lpcd_Det
<LI><a href="#[f6]">&gt;&gt;</a>&nbsp;&nbsp;&nbsp;RC663_Lpcd_Calib
<LI><a href="#[f5]">&gt;&gt;</a>&nbsp;&nbsp;&nbsp;RC663_CMD_Lpcd
<LI><a href="#[f3]">&gt;&gt;</a>&nbsp;&nbsp;&nbsp;RC663_WriteSingleBlockV
<LI><a href="#[f2]">&gt;&gt;</a>&nbsp;&nbsp;&nbsp;RC663_ReadSingleBlockV
<LI><a href="#[f1]">&gt;&gt;</a>&nbsp;&nbsp;&nbsp;RC663_SelectV
<LI><a href="#[f0]">&gt;&gt;</a>&nbsp;&nbsp;&nbsp;RC663_PcdInventoryV
<LI><a href="#[ee]">&gt;&gt;</a>&nbsp;&nbsp;&nbsp;RC663_PcdWriteF
<LI><a href="#[ed]">&gt;&gt;</a>&nbsp;&nbsp;&nbsp;RC663_PcdReadF
<LI><a href="#[ec]">&gt;&gt;</a>&nbsp;&nbsp;&nbsp;RC663_PcdRequestF
<LI><a href="#[e8]">&gt;&gt;</a>&nbsp;&nbsp;&nbsp;RC663_PcdRequestB
<LI><a href="#[e3]">&gt;&gt;</a>&nbsp;&nbsp;&nbsp;RC663_PcdAnticoll
<LI><a href="#[e2]">&gt;&gt;</a>&nbsp;&nbsp;&nbsp;RC663_PcdRequestA
<LI><a href="#[e0]">&gt;&gt;</a>&nbsp;&nbsp;&nbsp;RC663_PcdComTransceive
<LI><a href="#[df]">&gt;&gt;</a>&nbsp;&nbsp;&nbsp;RC663_PcdConfigISOType
<LI><a href="#[db]">&gt;&gt;</a>&nbsp;&nbsp;&nbsp;RC663_Command_Int
<LI><a href="#[d6]">&gt;&gt;</a>&nbsp;&nbsp;&nbsp;RC663_SetRawRC
<LI><a href="#[d5]">&gt;&gt;</a>&nbsp;&nbsp;&nbsp;RC663_ClearBitMask
<LI><a href="#[d4]">&gt;&gt;</a>&nbsp;&nbsp;&nbsp;RC663_SetBitMask
</UL>

<P><STRONG><a name="[d4]"></a>RC663_SetBitMask</STRONG> (Thumb, 22 bytes, Stack size 16 bytes, rc663.o(.text))
<BR><BR>[Stack]<UL><LI>Max Depth = 32<LI>Call Chain = RC663_SetBitMask &rArr; RC663_WriteReg
</UL>
<BR>[Calls]<UL><LI><a href="#[d3]">&gt;&gt;</a>&nbsp;&nbsp;&nbsp;RC663_WriteReg
<LI><a href="#[cc]">&gt;&gt;</a>&nbsp;&nbsp;&nbsp;RC663_ReadReg
</UL>
<BR>[Called By]<UL><LI><a href="#[f5]">&gt;&gt;</a>&nbsp;&nbsp;&nbsp;RC663_CMD_Lpcd
<LI><a href="#[e0]">&gt;&gt;</a>&nbsp;&nbsp;&nbsp;RC663_PcdComTransceive
<LI><a href="#[db]">&gt;&gt;</a>&nbsp;&nbsp;&nbsp;RC663_Command_Int
<LI><a href="#[d8]">&gt;&gt;</a>&nbsp;&nbsp;&nbsp;RC663_FieldOn
<LI><a href="#[d7]">&gt;&gt;</a>&nbsp;&nbsp;&nbsp;RC663_FlushFifo
</UL>

<P><STRONG><a name="[d5]"></a>RC663_ClearBitMask</STRONG> (Thumb, 22 bytes, Stack size 16 bytes, rc663.o(.text), UNUSED)
<BR><BR>[Calls]<UL><LI><a href="#[d3]">&gt;&gt;</a>&nbsp;&nbsp;&nbsp;RC663_WriteReg
<LI><a href="#[cc]">&gt;&gt;</a>&nbsp;&nbsp;&nbsp;RC663_ReadReg
</UL>
<BR>[Called By]<UL><LI><a href="#[f5]">&gt;&gt;</a>&nbsp;&nbsp;&nbsp;RC663_CMD_Lpcd
<LI><a href="#[d9]">&gt;&gt;</a>&nbsp;&nbsp;&nbsp;RC663_FieldOff
</UL>

<P><STRONG><a name="[d6]"></a>RC663_SetRawRC</STRONG> (Thumb, 26 bytes, Stack size 16 bytes, rc663.o(.text), UNUSED)
<BR><BR>[Calls]<UL><LI><a href="#[d3]">&gt;&gt;</a>&nbsp;&nbsp;&nbsp;RC663_WriteReg
<LI><a href="#[cc]">&gt;&gt;</a>&nbsp;&nbsp;&nbsp;RC663_ReadReg
</UL>
<BR>[Called By]<UL><LI><a href="#[f5]">&gt;&gt;</a>&nbsp;&nbsp;&nbsp;RC663_CMD_Lpcd
<LI><a href="#[e5]">&gt;&gt;</a>&nbsp;&nbsp;&nbsp;RC663_PcdRead
<LI><a href="#[e4]">&gt;&gt;</a>&nbsp;&nbsp;&nbsp;RC663_PcdSelect
<LI><a href="#[e3]">&gt;&gt;</a>&nbsp;&nbsp;&nbsp;RC663_PcdAnticoll
</UL>

<P><STRONG><a name="[d7]"></a>RC663_FlushFifo</STRONG> (Thumb, 6 bytes, Stack size 0 bytes, rc663.o(.text), UNUSED)
<BR><BR>[Calls]<UL><LI><a href="#[d4]">&gt;&gt;</a>&nbsp;&nbsp;&nbsp;RC663_SetBitMask
</UL>

<P><STRONG><a name="[d8]"></a>RC663_FieldOn</STRONG> (Thumb, 6 bytes, Stack size 0 bytes, rc663.o(.text), UNUSED)
<BR><BR>[Calls]<UL><LI><a href="#[d4]">&gt;&gt;</a>&nbsp;&nbsp;&nbsp;RC663_SetBitMask
</UL>
<BR>[Called By]<UL><LI><a href="#[ef]">&gt;&gt;</a>&nbsp;&nbsp;&nbsp;RC663_Felica
<LI><a href="#[eb]">&gt;&gt;</a>&nbsp;&nbsp;&nbsp;RC663_ID2
<LI><a href="#[e7]">&gt;&gt;</a>&nbsp;&nbsp;&nbsp;RC663_MifareClassic
<LI><a href="#[da]">&gt;&gt;</a>&nbsp;&nbsp;&nbsp;RC663_FieldReset
</UL>

<P><STRONG><a name="[d9]"></a>RC663_FieldOff</STRONG> (Thumb, 6 bytes, Stack size 0 bytes, rc663.o(.text), UNUSED)
<BR><BR>[Calls]<UL><LI><a href="#[d5]">&gt;&gt;</a>&nbsp;&nbsp;&nbsp;RC663_ClearBitMask
</UL>
<BR>[Called By]<UL><LI><a href="#[ef]">&gt;&gt;</a>&nbsp;&nbsp;&nbsp;RC663_Felica
<LI><a href="#[eb]">&gt;&gt;</a>&nbsp;&nbsp;&nbsp;RC663_ID2
<LI><a href="#[e7]">&gt;&gt;</a>&nbsp;&nbsp;&nbsp;RC663_MifareClassic
<LI><a href="#[da]">&gt;&gt;</a>&nbsp;&nbsp;&nbsp;RC663_FieldReset
</UL>

<P><STRONG><a name="[da]"></a>RC663_FieldReset</STRONG> (Thumb, 26 bytes, Stack size 8 bytes, rc663.o(.text), UNUSED)
<BR><BR>[Calls]<UL><LI><a href="#[d9]">&gt;&gt;</a>&nbsp;&nbsp;&nbsp;RC663_FieldOff
<LI><a href="#[d8]">&gt;&gt;</a>&nbsp;&nbsp;&nbsp;RC663_FieldOn
<LI><a href="#[d2]">&gt;&gt;</a>&nbsp;&nbsp;&nbsp;delay_ms
</UL>

<P><STRONG><a name="[db]"></a>RC663_Command_Int</STRONG> (Thumb, 214 bytes, Stack size 24 bytes, rc663.o(.text))
<BR><BR>[Stack]<UL><LI>Max Depth = 56<LI>Call Chain = RC663_Command_Int &rArr; RC663_SetBitMask &rArr; RC663_WriteReg
</UL>
<BR>[Calls]<UL><LI><a href="#[d4]">&gt;&gt;</a>&nbsp;&nbsp;&nbsp;RC663_SetBitMask
<LI><a href="#[d3]">&gt;&gt;</a>&nbsp;&nbsp;&nbsp;RC663_WriteReg
<LI><a href="#[cc]">&gt;&gt;</a>&nbsp;&nbsp;&nbsp;RC663_ReadReg
</UL>
<BR>[Called By]<UL><LI><a href="#[f5]">&gt;&gt;</a>&nbsp;&nbsp;&nbsp;RC663_CMD_Lpcd
<LI><a href="#[de]">&gt;&gt;</a>&nbsp;&nbsp;&nbsp;RC663_CMD_MfcAuthenticate
<LI><a href="#[dd]">&gt;&gt;</a>&nbsp;&nbsp;&nbsp;RC663_CMD_LoadKey
<LI><a href="#[dc]">&gt;&gt;</a>&nbsp;&nbsp;&nbsp;RC663_CMD_LoadProtocol
</UL>

<P><STRONG><a name="[dc]"></a>RC663_CMD_LoadProtocol</STRONG> (Thumb, 34 bytes, Stack size 72 bytes, rc663.o(.text))
<BR><BR>[Stack]<UL><LI>Max Depth = 128<LI>Call Chain = RC663_CMD_LoadProtocol &rArr; RC663_Command_Int &rArr; RC663_SetBitMask &rArr; RC663_WriteReg
</UL>
<BR>[Calls]<UL><LI><a href="#[db]">&gt;&gt;</a>&nbsp;&nbsp;&nbsp;RC663_Command_Int
</UL>
<BR>[Called By]<UL><LI><a href="#[df]">&gt;&gt;</a>&nbsp;&nbsp;&nbsp;RC663_PcdConfigISOType
</UL>

<P><STRONG><a name="[dd]"></a>RC663_CMD_LoadKey</STRONG> (Thumb, 34 bytes, Stack size 72 bytes, rc663.o(.text), UNUSED)
<BR><BR>[Calls]<UL><LI><a href="#[db]">&gt;&gt;</a>&nbsp;&nbsp;&nbsp;RC663_Command_Int
</UL>
<BR>[Called By]<UL><LI><a href="#[e7]">&gt;&gt;</a>&nbsp;&nbsp;&nbsp;RC663_MifareClassic
</UL>

<P><STRONG><a name="[de]"></a>RC663_CMD_MfcAuthenticate</STRONG> (Thumb, 58 bytes, Stack size 80 bytes, rc663.o(.text), UNUSED)
<BR><BR>[Calls]<UL><LI><a href="#[db]">&gt;&gt;</a>&nbsp;&nbsp;&nbsp;RC663_Command_Int
<LI><a href="#[cc]">&gt;&gt;</a>&nbsp;&nbsp;&nbsp;RC663_ReadReg
</UL>
<BR>[Called By]<UL><LI><a href="#[e7]">&gt;&gt;</a>&nbsp;&nbsp;&nbsp;RC663_MifareClassic
</UL>

<P><STRONG><a name="[df]"></a>RC663_PcdConfigISOType</STRONG> (Thumb, 786 bytes, Stack size 8 bytes, rc663.o(.text))
<BR><BR>[Stack]<UL><LI>Max Depth = 136<LI>Call Chain = RC663_PcdConfigISOType &rArr; RC663_CMD_LoadProtocol &rArr; RC663_Command_Int &rArr; RC663_SetBitMask &rArr; RC663_WriteReg
</UL>
<BR>[Calls]<UL><LI><a href="#[dc]">&gt;&gt;</a>&nbsp;&nbsp;&nbsp;RC663_CMD_LoadProtocol
<LI><a href="#[d3]">&gt;&gt;</a>&nbsp;&nbsp;&nbsp;RC663_WriteReg
</UL>
<BR>[Called By]<UL><LI><a href="#[f9]">&gt;&gt;</a>&nbsp;&nbsp;&nbsp;rc663_read_card_block
<LI><a href="#[f8]">&gt;&gt;</a>&nbsp;&nbsp;&nbsp;read_card_block
<LI><a href="#[f4]">&gt;&gt;</a>&nbsp;&nbsp;&nbsp;RC663_ISO15693
<LI><a href="#[ef]">&gt;&gt;</a>&nbsp;&nbsp;&nbsp;RC663_Felica
<LI><a href="#[eb]">&gt;&gt;</a>&nbsp;&nbsp;&nbsp;RC663_ID2
<LI><a href="#[e7]">&gt;&gt;</a>&nbsp;&nbsp;&nbsp;RC663_MifareClassic
</UL>

<P><STRONG><a name="[e0]"></a>RC663_PcdComTransceive</STRONG> (Thumb, 282 bytes, Stack size 24 bytes, rc663.o(.text))
<BR><BR>[Stack]<UL><LI>Max Depth = 56<LI>Call Chain = RC663_PcdComTransceive &rArr; RC663_SetBitMask &rArr; RC663_WriteReg
</UL>
<BR>[Calls]<UL><LI><a href="#[d4]">&gt;&gt;</a>&nbsp;&nbsp;&nbsp;RC663_SetBitMask
<LI><a href="#[d3]">&gt;&gt;</a>&nbsp;&nbsp;&nbsp;RC663_WriteReg
<LI><a href="#[cc]">&gt;&gt;</a>&nbsp;&nbsp;&nbsp;RC663_ReadReg
</UL>
<BR>[Called By]<UL><LI><a href="#[f3]">&gt;&gt;</a>&nbsp;&nbsp;&nbsp;RC663_WriteSingleBlockV
<LI><a href="#[f2]">&gt;&gt;</a>&nbsp;&nbsp;&nbsp;RC663_ReadSingleBlockV
<LI><a href="#[f1]">&gt;&gt;</a>&nbsp;&nbsp;&nbsp;RC663_SelectV
<LI><a href="#[f0]">&gt;&gt;</a>&nbsp;&nbsp;&nbsp;RC663_PcdInventoryV
<LI><a href="#[ee]">&gt;&gt;</a>&nbsp;&nbsp;&nbsp;RC663_PcdWriteF
<LI><a href="#[ed]">&gt;&gt;</a>&nbsp;&nbsp;&nbsp;RC663_PcdReadF
<LI><a href="#[ec]">&gt;&gt;</a>&nbsp;&nbsp;&nbsp;RC663_PcdRequestF
<LI><a href="#[ea]">&gt;&gt;</a>&nbsp;&nbsp;&nbsp;RC663_PcdGetUidB
<LI><a href="#[e9]">&gt;&gt;</a>&nbsp;&nbsp;&nbsp;RC663_PcdAttribB
<LI><a href="#[e8]">&gt;&gt;</a>&nbsp;&nbsp;&nbsp;RC663_PcdRequestB
<LI><a href="#[e6]">&gt;&gt;</a>&nbsp;&nbsp;&nbsp;RC663_PcdWrite
<LI><a href="#[e5]">&gt;&gt;</a>&nbsp;&nbsp;&nbsp;RC663_PcdRead
<LI><a href="#[e4]">&gt;&gt;</a>&nbsp;&nbsp;&nbsp;RC663_PcdSelect
<LI><a href="#[e3]">&gt;&gt;</a>&nbsp;&nbsp;&nbsp;RC663_PcdAnticoll
<LI><a href="#[e2]">&gt;&gt;</a>&nbsp;&nbsp;&nbsp;RC663_PcdRequestA
<LI><a href="#[e1]">&gt;&gt;</a>&nbsp;&nbsp;&nbsp;RC663_PcdHaltA
</UL>

<P><STRONG><a name="[e1]"></a>RC663_PcdHaltA</STRONG> (Thumb, 44 bytes, Stack size 72 bytes, rc663.o(.text), UNUSED)
<BR><BR>[Calls]<UL><LI><a href="#[e0]">&gt;&gt;</a>&nbsp;&nbsp;&nbsp;RC663_PcdComTransceive
</UL>

<P><STRONG><a name="[e2]"></a>RC663_PcdRequestA</STRONG> (Thumb, 162 bytes, Stack size 88 bytes, rc663.o(.text), UNUSED)
<BR><BR>[Calls]<UL><LI><a href="#[e0]">&gt;&gt;</a>&nbsp;&nbsp;&nbsp;RC663_PcdComTransceive
<LI><a href="#[d3]">&gt;&gt;</a>&nbsp;&nbsp;&nbsp;RC663_WriteReg
</UL>
<BR>[Called By]<UL><LI><a href="#[e7]">&gt;&gt;</a>&nbsp;&nbsp;&nbsp;RC663_MifareClassic
</UL>

<P><STRONG><a name="[e3]"></a>RC663_PcdAnticoll</STRONG> (Thumb, 290 bytes, Stack size 120 bytes, rc663.o(.text), UNUSED)
<BR><BR>[Calls]<UL><LI><a href="#[e0]">&gt;&gt;</a>&nbsp;&nbsp;&nbsp;RC663_PcdComTransceive
<LI><a href="#[d6]">&gt;&gt;</a>&nbsp;&nbsp;&nbsp;RC663_SetRawRC
<LI><a href="#[d3]">&gt;&gt;</a>&nbsp;&nbsp;&nbsp;RC663_WriteReg
</UL>
<BR>[Called By]<UL><LI><a href="#[e7]">&gt;&gt;</a>&nbsp;&nbsp;&nbsp;RC663_MifareClassic
</UL>

<P><STRONG><a name="[e4]"></a>RC663_PcdSelect</STRONG> (Thumb, 112 bytes, Stack size 88 bytes, rc663.o(.text), UNUSED)
<BR><BR>[Calls]<UL><LI><a href="#[e0]">&gt;&gt;</a>&nbsp;&nbsp;&nbsp;RC663_PcdComTransceive
<LI><a href="#[d6]">&gt;&gt;</a>&nbsp;&nbsp;&nbsp;RC663_SetRawRC
</UL>
<BR>[Called By]<UL><LI><a href="#[e7]">&gt;&gt;</a>&nbsp;&nbsp;&nbsp;RC663_MifareClassic
</UL>

<P><STRONG><a name="[e5]"></a>RC663_PcdRead</STRONG> (Thumb, 90 bytes, Stack size 88 bytes, rc663.o(.text), UNUSED)
<BR><BR>[Calls]<UL><LI><a href="#[e0]">&gt;&gt;</a>&nbsp;&nbsp;&nbsp;RC663_PcdComTransceive
<LI><a href="#[d6]">&gt;&gt;</a>&nbsp;&nbsp;&nbsp;RC663_SetRawRC
<LI><a href="#[b5]">&gt;&gt;</a>&nbsp;&nbsp;&nbsp;__aeabi_memcpy
</UL>
<BR>[Called By]<UL><LI><a href="#[e7]">&gt;&gt;</a>&nbsp;&nbsp;&nbsp;RC663_MifareClassic
</UL>

<P><STRONG><a name="[e6]"></a>RC663_PcdWrite</STRONG> (Thumb, 146 bytes, Stack size 88 bytes, rc663.o(.text), UNUSED)
<BR><BR>[Calls]<UL><LI><a href="#[e0]">&gt;&gt;</a>&nbsp;&nbsp;&nbsp;RC663_PcdComTransceive
<LI><a href="#[b5]">&gt;&gt;</a>&nbsp;&nbsp;&nbsp;__aeabi_memcpy
</UL>

<P><STRONG><a name="[e7]"></a>RC663_MifareClassic</STRONG> (Thumb, 304 bytes, Stack size 48 bytes, rc663.o(.text), UNUSED)
<BR><BR>[Calls]<UL><LI><a href="#[cd]">&gt;&gt;</a>&nbsp;&nbsp;&nbsp;HAL_GPIO_WritePin
<LI><a href="#[e5]">&gt;&gt;</a>&nbsp;&nbsp;&nbsp;RC663_PcdRead
<LI><a href="#[e4]">&gt;&gt;</a>&nbsp;&nbsp;&nbsp;RC663_PcdSelect
<LI><a href="#[e3]">&gt;&gt;</a>&nbsp;&nbsp;&nbsp;RC663_PcdAnticoll
<LI><a href="#[e2]">&gt;&gt;</a>&nbsp;&nbsp;&nbsp;RC663_PcdRequestA
<LI><a href="#[df]">&gt;&gt;</a>&nbsp;&nbsp;&nbsp;RC663_PcdConfigISOType
<LI><a href="#[de]">&gt;&gt;</a>&nbsp;&nbsp;&nbsp;RC663_CMD_MfcAuthenticate
<LI><a href="#[dd]">&gt;&gt;</a>&nbsp;&nbsp;&nbsp;RC663_CMD_LoadKey
<LI><a href="#[d9]">&gt;&gt;</a>&nbsp;&nbsp;&nbsp;RC663_FieldOff
<LI><a href="#[d8]">&gt;&gt;</a>&nbsp;&nbsp;&nbsp;RC663_FieldOn
<LI><a href="#[d2]">&gt;&gt;</a>&nbsp;&nbsp;&nbsp;delay_ms
<LI><a href="#[a9]">&gt;&gt;</a>&nbsp;&nbsp;&nbsp;__2printf
</UL>

<P><STRONG><a name="[e8]"></a>RC663_PcdRequestB</STRONG> (Thumb, 172 bytes, Stack size 88 bytes, rc663.o(.text), UNUSED)
<BR><BR>[Calls]<UL><LI><a href="#[e0]">&gt;&gt;</a>&nbsp;&nbsp;&nbsp;RC663_PcdComTransceive
<LI><a href="#[d3]">&gt;&gt;</a>&nbsp;&nbsp;&nbsp;RC663_WriteReg
<LI><a href="#[b5]">&gt;&gt;</a>&nbsp;&nbsp;&nbsp;__aeabi_memcpy
</UL>
<BR>[Called By]<UL><LI><a href="#[eb]">&gt;&gt;</a>&nbsp;&nbsp;&nbsp;RC663_ID2
</UL>

<P><STRONG><a name="[e9]"></a>RC663_PcdAttribB</STRONG> (Thumb, 96 bytes, Stack size 80 bytes, rc663.o(.text), UNUSED)
<BR><BR>[Calls]<UL><LI><a href="#[e0]">&gt;&gt;</a>&nbsp;&nbsp;&nbsp;RC663_PcdComTransceive
</UL>
<BR>[Called By]<UL><LI><a href="#[eb]">&gt;&gt;</a>&nbsp;&nbsp;&nbsp;RC663_ID2
</UL>

<P><STRONG><a name="[ea]"></a>RC663_PcdGetUidB</STRONG> (Thumb, 82 bytes, Stack size 80 bytes, rc663.o(.text), UNUSED)
<BR><BR>[Calls]<UL><LI><a href="#[e0]">&gt;&gt;</a>&nbsp;&nbsp;&nbsp;RC663_PcdComTransceive
</UL>
<BR>[Called By]<UL><LI><a href="#[eb]">&gt;&gt;</a>&nbsp;&nbsp;&nbsp;RC663_ID2
</UL>

<P><STRONG><a name="[eb]"></a>RC663_ID2</STRONG> (Thumb, 218 bytes, Stack size 32 bytes, rc663.o(.text), UNUSED)
<BR><BR>[Calls]<UL><LI><a href="#[cd]">&gt;&gt;</a>&nbsp;&nbsp;&nbsp;HAL_GPIO_WritePin
<LI><a href="#[ea]">&gt;&gt;</a>&nbsp;&nbsp;&nbsp;RC663_PcdGetUidB
<LI><a href="#[e9]">&gt;&gt;</a>&nbsp;&nbsp;&nbsp;RC663_PcdAttribB
<LI><a href="#[e8]">&gt;&gt;</a>&nbsp;&nbsp;&nbsp;RC663_PcdRequestB
<LI><a href="#[df]">&gt;&gt;</a>&nbsp;&nbsp;&nbsp;RC663_PcdConfigISOType
<LI><a href="#[d9]">&gt;&gt;</a>&nbsp;&nbsp;&nbsp;RC663_FieldOff
<LI><a href="#[d8]">&gt;&gt;</a>&nbsp;&nbsp;&nbsp;RC663_FieldOn
<LI><a href="#[d2]">&gt;&gt;</a>&nbsp;&nbsp;&nbsp;delay_ms
<LI><a href="#[a9]">&gt;&gt;</a>&nbsp;&nbsp;&nbsp;__2printf
</UL>

<P><STRONG><a name="[ec]"></a>RC663_PcdRequestF</STRONG> (Thumb, 334 bytes, Stack size 88 bytes, rc663.o(.text), UNUSED)
<BR><BR>[Calls]<UL><LI><a href="#[e0]">&gt;&gt;</a>&nbsp;&nbsp;&nbsp;RC663_PcdComTransceive
<LI><a href="#[d3]">&gt;&gt;</a>&nbsp;&nbsp;&nbsp;RC663_WriteReg
</UL>
<BR>[Called By]<UL><LI><a href="#[ef]">&gt;&gt;</a>&nbsp;&nbsp;&nbsp;RC663_Felica
</UL>

<P><STRONG><a name="[ed]"></a>RC663_PcdReadF</STRONG> (Thumb, 132 bytes, Stack size 88 bytes, rc663.o(.text), UNUSED)
<BR><BR>[Calls]<UL><LI><a href="#[e0]">&gt;&gt;</a>&nbsp;&nbsp;&nbsp;RC663_PcdComTransceive
<LI><a href="#[d3]">&gt;&gt;</a>&nbsp;&nbsp;&nbsp;RC663_WriteReg
<LI><a href="#[b5]">&gt;&gt;</a>&nbsp;&nbsp;&nbsp;__aeabi_memcpy
</UL>
<BR>[Called By]<UL><LI><a href="#[ef]">&gt;&gt;</a>&nbsp;&nbsp;&nbsp;RC663_Felica
</UL>

<P><STRONG><a name="[ee]"></a>RC663_PcdWriteF</STRONG> (Thumb, 142 bytes, Stack size 88 bytes, rc663.o(.text), UNUSED)
<BR><BR>[Calls]<UL><LI><a href="#[e0]">&gt;&gt;</a>&nbsp;&nbsp;&nbsp;RC663_PcdComTransceive
<LI><a href="#[d3]">&gt;&gt;</a>&nbsp;&nbsp;&nbsp;RC663_WriteReg
<LI><a href="#[b5]">&gt;&gt;</a>&nbsp;&nbsp;&nbsp;__aeabi_memcpy
</UL>

<P><STRONG><a name="[ef]"></a>RC663_Felica</STRONG> (Thumb, 212 bytes, Stack size 48 bytes, rc663.o(.text), UNUSED)
<BR><BR>[Calls]<UL><LI><a href="#[cd]">&gt;&gt;</a>&nbsp;&nbsp;&nbsp;HAL_GPIO_WritePin
<LI><a href="#[ed]">&gt;&gt;</a>&nbsp;&nbsp;&nbsp;RC663_PcdReadF
<LI><a href="#[ec]">&gt;&gt;</a>&nbsp;&nbsp;&nbsp;RC663_PcdRequestF
<LI><a href="#[df]">&gt;&gt;</a>&nbsp;&nbsp;&nbsp;RC663_PcdConfigISOType
<LI><a href="#[d9]">&gt;&gt;</a>&nbsp;&nbsp;&nbsp;RC663_FieldOff
<LI><a href="#[d8]">&gt;&gt;</a>&nbsp;&nbsp;&nbsp;RC663_FieldOn
<LI><a href="#[d2]">&gt;&gt;</a>&nbsp;&nbsp;&nbsp;delay_ms
<LI><a href="#[a9]">&gt;&gt;</a>&nbsp;&nbsp;&nbsp;__2printf
</UL>

<P><STRONG><a name="[f0]"></a>RC663_PcdInventoryV</STRONG> (Thumb, 150 bytes, Stack size 80 bytes, rc663.o(.text))
<BR><BR>[Stack]<UL><LI>Max Depth = 136<LI>Call Chain = RC663_PcdInventoryV &rArr; RC663_PcdComTransceive &rArr; RC663_SetBitMask &rArr; RC663_WriteReg
</UL>
<BR>[Calls]<UL><LI><a href="#[e0]">&gt;&gt;</a>&nbsp;&nbsp;&nbsp;RC663_PcdComTransceive
<LI><a href="#[d3]">&gt;&gt;</a>&nbsp;&nbsp;&nbsp;RC663_WriteReg
</UL>
<BR>[Called By]<UL><LI><a href="#[f9]">&gt;&gt;</a>&nbsp;&nbsp;&nbsp;rc663_read_card_block
<LI><a href="#[f8]">&gt;&gt;</a>&nbsp;&nbsp;&nbsp;read_card_block
<LI><a href="#[f4]">&gt;&gt;</a>&nbsp;&nbsp;&nbsp;RC663_ISO15693
</UL>

<P><STRONG><a name="[f1]"></a>RC663_SelectV</STRONG> (Thumb, 106 bytes, Stack size 80 bytes, rc663.o(.text))
<BR><BR>[Stack]<UL><LI>Max Depth = 136<LI>Call Chain = RC663_SelectV &rArr; RC663_PcdComTransceive &rArr; RC663_SetBitMask &rArr; RC663_WriteReg
</UL>
<BR>[Calls]<UL><LI><a href="#[e0]">&gt;&gt;</a>&nbsp;&nbsp;&nbsp;RC663_PcdComTransceive
<LI><a href="#[d3]">&gt;&gt;</a>&nbsp;&nbsp;&nbsp;RC663_WriteReg
</UL>
<BR>[Called By]<UL><LI><a href="#[f9]">&gt;&gt;</a>&nbsp;&nbsp;&nbsp;rc663_read_card_block
<LI><a href="#[f8]">&gt;&gt;</a>&nbsp;&nbsp;&nbsp;read_card_block
<LI><a href="#[f4]">&gt;&gt;</a>&nbsp;&nbsp;&nbsp;RC663_ISO15693
</UL>

<P><STRONG><a name="[f2]"></a>RC663_ReadSingleBlockV</STRONG> (Thumb, 120 bytes, Stack size 88 bytes, rc663.o(.text))
<BR><BR>[Stack]<UL><LI>Max Depth = 144<LI>Call Chain = RC663_ReadSingleBlockV &rArr; RC663_PcdComTransceive &rArr; RC663_SetBitMask &rArr; RC663_WriteReg
</UL>
<BR>[Calls]<UL><LI><a href="#[e0]">&gt;&gt;</a>&nbsp;&nbsp;&nbsp;RC663_PcdComTransceive
<LI><a href="#[d3]">&gt;&gt;</a>&nbsp;&nbsp;&nbsp;RC663_WriteReg
<LI><a href="#[b5]">&gt;&gt;</a>&nbsp;&nbsp;&nbsp;__aeabi_memcpy
</UL>
<BR>[Called By]<UL><LI><a href="#[f9]">&gt;&gt;</a>&nbsp;&nbsp;&nbsp;rc663_read_card_block
<LI><a href="#[f8]">&gt;&gt;</a>&nbsp;&nbsp;&nbsp;read_card_block
<LI><a href="#[f4]">&gt;&gt;</a>&nbsp;&nbsp;&nbsp;RC663_ISO15693
</UL>

<P><STRONG><a name="[f3]"></a>RC663_WriteSingleBlockV</STRONG> (Thumb, 112 bytes, Stack size 88 bytes, rc663.o(.text), UNUSED)
<BR><BR>[Calls]<UL><LI><a href="#[e0]">&gt;&gt;</a>&nbsp;&nbsp;&nbsp;RC663_PcdComTransceive
<LI><a href="#[d3]">&gt;&gt;</a>&nbsp;&nbsp;&nbsp;RC663_WriteReg
<LI><a href="#[b5]">&gt;&gt;</a>&nbsp;&nbsp;&nbsp;__aeabi_memcpy
</UL>

<P><STRONG><a name="[f4]"></a>RC663_ISO15693</STRONG> (Thumb, 144 bytes, Stack size 48 bytes, rc663.o(.text), UNUSED)
<BR><BR>[Calls]<UL><LI><a href="#[f2]">&gt;&gt;</a>&nbsp;&nbsp;&nbsp;RC663_ReadSingleBlockV
<LI><a href="#[f1]">&gt;&gt;</a>&nbsp;&nbsp;&nbsp;RC663_SelectV
<LI><a href="#[f0]">&gt;&gt;</a>&nbsp;&nbsp;&nbsp;RC663_PcdInventoryV
<LI><a href="#[df]">&gt;&gt;</a>&nbsp;&nbsp;&nbsp;RC663_PcdConfigISOType
<LI><a href="#[d2]">&gt;&gt;</a>&nbsp;&nbsp;&nbsp;delay_ms
<LI><a href="#[a9]">&gt;&gt;</a>&nbsp;&nbsp;&nbsp;__2printf
</UL>

<P><STRONG><a name="[f5]"></a>RC663_CMD_Lpcd</STRONG> (Thumb, 308 bytes, Stack size 88 bytes, rc663.o(.text), UNUSED)
<BR><BR>[Calls]<UL><LI><a href="#[db]">&gt;&gt;</a>&nbsp;&nbsp;&nbsp;RC663_Command_Int
<LI><a href="#[d6]">&gt;&gt;</a>&nbsp;&nbsp;&nbsp;RC663_SetRawRC
<LI><a href="#[d5]">&gt;&gt;</a>&nbsp;&nbsp;&nbsp;RC663_ClearBitMask
<LI><a href="#[d4]">&gt;&gt;</a>&nbsp;&nbsp;&nbsp;RC663_SetBitMask
<LI><a href="#[d3]">&gt;&gt;</a>&nbsp;&nbsp;&nbsp;RC663_WriteReg
<LI><a href="#[cc]">&gt;&gt;</a>&nbsp;&nbsp;&nbsp;RC663_ReadReg
<LI><a href="#[a9]">&gt;&gt;</a>&nbsp;&nbsp;&nbsp;__2printf
</UL>
<BR>[Called By]<UL><LI><a href="#[f7]">&gt;&gt;</a>&nbsp;&nbsp;&nbsp;RC663_Lpcd_Det
<LI><a href="#[f6]">&gt;&gt;</a>&nbsp;&nbsp;&nbsp;RC663_Lpcd_Calib
</UL>

<P><STRONG><a name="[f6]"></a>RC663_Lpcd_Calib</STRONG> (Thumb, 62 bytes, Stack size 16 bytes, rc663.o(.text), UNUSED)
<BR><BR>[Calls]<UL><LI><a href="#[f5]">&gt;&gt;</a>&nbsp;&nbsp;&nbsp;RC663_CMD_Lpcd
<LI><a href="#[d3]">&gt;&gt;</a>&nbsp;&nbsp;&nbsp;RC663_WriteReg
<LI><a href="#[cc]">&gt;&gt;</a>&nbsp;&nbsp;&nbsp;RC663_ReadReg
</UL>

<P><STRONG><a name="[f7]"></a>RC663_Lpcd_Det</STRONG> (Thumb, 90 bytes, Stack size 16 bytes, rc663.o(.text), UNUSED)
<BR><BR>[Calls]<UL><LI><a href="#[f5]">&gt;&gt;</a>&nbsp;&nbsp;&nbsp;RC663_CMD_Lpcd
<LI><a href="#[d3]">&gt;&gt;</a>&nbsp;&nbsp;&nbsp;RC663_WriteReg
</UL>

<P><STRONG><a name="[f8]"></a>read_card_block</STRONG> (Thumb, 162 bytes, Stack size 40 bytes, rc663.o(.text), UNUSED)
<BR><BR>[Calls]<UL><LI><a href="#[f2]">&gt;&gt;</a>&nbsp;&nbsp;&nbsp;RC663_ReadSingleBlockV
<LI><a href="#[f1]">&gt;&gt;</a>&nbsp;&nbsp;&nbsp;RC663_SelectV
<LI><a href="#[f0]">&gt;&gt;</a>&nbsp;&nbsp;&nbsp;RC663_PcdInventoryV
<LI><a href="#[df]">&gt;&gt;</a>&nbsp;&nbsp;&nbsp;RC663_PcdConfigISOType
<LI><a href="#[d2]">&gt;&gt;</a>&nbsp;&nbsp;&nbsp;delay_ms
<LI><a href="#[a9]">&gt;&gt;</a>&nbsp;&nbsp;&nbsp;__2printf
</UL>

<P><STRONG><a name="[f9]"></a>rc663_read_card_block</STRONG> (Thumb, 338 bytes, Stack size 72 bytes, rc663.o(.text))
<BR><BR>[Stack]<UL><LI>Max Depth = 216<LI>Call Chain = rc663_read_card_block &rArr; RC663_ReadSingleBlockV &rArr; RC663_PcdComTransceive &rArr; RC663_SetBitMask &rArr; RC663_WriteReg
</UL>
<BR>[Calls]<UL><LI><a href="#[cd]">&gt;&gt;</a>&nbsp;&nbsp;&nbsp;HAL_GPIO_WritePin
<LI><a href="#[f2]">&gt;&gt;</a>&nbsp;&nbsp;&nbsp;RC663_ReadSingleBlockV
<LI><a href="#[f1]">&gt;&gt;</a>&nbsp;&nbsp;&nbsp;RC663_SelectV
<LI><a href="#[f0]">&gt;&gt;</a>&nbsp;&nbsp;&nbsp;RC663_PcdInventoryV
<LI><a href="#[df]">&gt;&gt;</a>&nbsp;&nbsp;&nbsp;RC663_PcdConfigISOType
<LI><a href="#[d2]">&gt;&gt;</a>&nbsp;&nbsp;&nbsp;delay_ms
<LI><a href="#[fa]">&gt;&gt;</a>&nbsp;&nbsp;&nbsp;clear_weigh_flag
<LI><a href="#[b5]">&gt;&gt;</a>&nbsp;&nbsp;&nbsp;__aeabi_memcpy
<LI><a href="#[a9]">&gt;&gt;</a>&nbsp;&nbsp;&nbsp;__2printf
</UL>
<BR>[Called By]<UL><LI><a href="#[6]">&gt;&gt;</a>&nbsp;&nbsp;&nbsp;read_card_task
</UL>

<P><STRONG><a name="[fd]"></a>nfc_init</STRONG> (Thumb, 4 bytes, Stack size 0 bytes, nfc_interface.o(.text))
<BR><BR>[Stack]<UL><LI>Max Depth = 152<LI>Call Chain = nfc_init &rArr; RC663_Init &rArr; RC663_SPI_Init &rArr; HAL_SPI_Init &rArr; HAL_SPI_MspInit &rArr; HAL_GPIO_Init
</UL>
<BR>[Calls]<UL><LI><a href="#[d0]">&gt;&gt;</a>&nbsp;&nbsp;&nbsp;RC663_Init
</UL>
<BR>[Called By]<UL><LI><a href="#[a6]">&gt;&gt;</a>&nbsp;&nbsp;&nbsp;bsp_init
</UL>

<P><STRONG><a name="[c2]"></a>get_card_tag_msg</STRONG> (Thumb, 8 bytes, Stack size 0 bytes, nfc_interface.o(.text))
<BR><BR>[Calls]<UL><LI><a href="#[b5]">&gt;&gt;</a>&nbsp;&nbsp;&nbsp;__aeabi_memcpy
</UL>
<BR>[Called By]<UL><LI><a href="#[c0]">&gt;&gt;</a>&nbsp;&nbsp;&nbsp;pt113_frame_parse
</UL>

<P><STRONG><a name="[6]"></a>read_card_task</STRONG> (Thumb, 24 bytes, Stack size 32 bytes, nfc_interface.o(.text))
<BR><BR>[Stack]<UL><LI>Max Depth = 248<LI>Call Chain = read_card_task &rArr; rc663_read_card_block &rArr; RC663_ReadSingleBlockV &rArr; RC663_PcdComTransceive &rArr; RC663_SetBitMask &rArr; RC663_WriteReg
</UL>
<BR>[Calls]<UL><LI><a href="#[f9]">&gt;&gt;</a>&nbsp;&nbsp;&nbsp;rc663_read_card_block
<LI><a href="#[b5]">&gt;&gt;</a>&nbsp;&nbsp;&nbsp;__aeabi_memcpy
</UL>
<BR>[Address Reference Count : 1]<UL><LI> mini_dispatch.o(.data)
</UL>
<P><STRONG><a name="[102]"></a>find_firmware_lost_step</STRONG> (Thumb, 126 bytes, Stack size 136 bytes, frame_parse.o(.text))
<BR><BR>[Stack]<UL><LI>Max Depth = 160<LI>Call Chain = find_firmware_lost_step &rArr; __2printf
</UL>
<BR>[Calls]<UL><LI><a href="#[103]">&gt;&gt;</a>&nbsp;&nbsp;&nbsp;crc16_ccitt
<LI><a href="#[a1]">&gt;&gt;</a>&nbsp;&nbsp;&nbsp;__aeabi_memclr4
<LI><a href="#[a9]">&gt;&gt;</a>&nbsp;&nbsp;&nbsp;__2printf
</UL>
<BR>[Called By]<UL><LI><a href="#[10f]">&gt;&gt;</a>&nbsp;&nbsp;&nbsp;check_firware_complete_ver
<LI><a href="#[3]">&gt;&gt;</a>&nbsp;&nbsp;&nbsp;iap_frame_patch
<LI><a href="#[1]">&gt;&gt;</a>&nbsp;&nbsp;&nbsp;iap_frame_info
<LI><a href="#[104]">&gt;&gt;</a>&nbsp;&nbsp;&nbsp;get_one_lost_record
</UL>

<P><STRONG><a name="[104]"></a>get_one_lost_record</STRONG> (Thumb, 66 bytes, Stack size 16 bytes, frame_parse.o(.text), UNUSED)
<BR><BR>[Calls]<UL><LI><a href="#[102]">&gt;&gt;</a>&nbsp;&nbsp;&nbsp;find_firmware_lost_step
</UL>

<P><STRONG><a name="[228]"></a>clear_lost_record</STRONG> (Thumb, 56 bytes, Stack size 16 bytes, frame_parse.o(.text), UNUSED)

<P><STRONG><a name="[105]"></a>msg_frame_check</STRONG> (Thumb, 40 bytes, Stack size 8 bytes, frame_parse.o(.text))
<BR><BR>[Stack]<UL><LI>Max Depth = 24<LI>Call Chain = msg_frame_check &rArr; crc16_ccitt
</UL>
<BR>[Calls]<UL><LI><a href="#[103]">&gt;&gt;</a>&nbsp;&nbsp;&nbsp;crc16_ccitt
</UL>
<BR>[Called By]<UL><LI><a href="#[10f]">&gt;&gt;</a>&nbsp;&nbsp;&nbsp;check_firware_complete_ver
<LI><a href="#[1]">&gt;&gt;</a>&nbsp;&nbsp;&nbsp;iap_frame_info
</UL>

<P><STRONG><a name="[106]"></a>firmware_data_check</STRONG> (Thumb, 162 bytes, Stack size 144 bytes, frame_parse.o(.text), UNUSED)
<BR><BR>[Calls]<UL><LI><a href="#[b3]">&gt;&gt;</a>&nbsp;&nbsp;&nbsp;CRC32DataCheckFun
<LI><a href="#[103]">&gt;&gt;</a>&nbsp;&nbsp;&nbsp;crc16_ccitt
<LI><a href="#[a1]">&gt;&gt;</a>&nbsp;&nbsp;&nbsp;__aeabi_memclr4
</UL>

<P><STRONG><a name="[107]"></a>check_firmware_lost</STRONG> (Thumb, 308 bytes, Stack size 160 bytes, frame_parse.o(.text))
<BR><BR>[Stack]<UL><LI>Max Depth = 176<LI>Call Chain = check_firmware_lost &rArr; crc16_ccitt
</UL>
<BR>[Calls]<UL><LI><a href="#[ae]">&gt;&gt;</a>&nbsp;&nbsp;&nbsp;st_crc32
<LI><a href="#[108]">&gt;&gt;</a>&nbsp;&nbsp;&nbsp;st_crc32_reset
<LI><a href="#[103]">&gt;&gt;</a>&nbsp;&nbsp;&nbsp;crc16_ccitt
<LI><a href="#[a1]">&gt;&gt;</a>&nbsp;&nbsp;&nbsp;__aeabi_memclr4
</UL>
<BR>[Called By]<UL><LI><a href="#[4]">&gt;&gt;</a>&nbsp;&nbsp;&nbsp;iap_firmware_complete_check
</UL>

<P><STRONG><a name="[10e]"></a>msg_frame_compare</STRONG> (Thumb, 28 bytes, Stack size 12 bytes, frame_parse.o(.text))
<BR><BR>[Stack]<UL><LI>Max Depth = 12<LI>Call Chain = msg_frame_compare
</UL>
<BR>[Called By]<UL><LI><a href="#[1]">&gt;&gt;</a>&nbsp;&nbsp;&nbsp;iap_frame_info
<LI><a href="#[10d]">&gt;&gt;</a>&nbsp;&nbsp;&nbsp;write_firware
</UL>

<P><STRONG><a name="[229]"></a>IsTaskEnable</STRONG> (Thumb, 28 bytes, Stack size 0 bytes, mini_dispatch.o(.text), UNUSED)

<P><STRONG><a name="[22a]"></a>TaskRefresh</STRONG> (Thumb, 20 bytes, Stack size 0 bytes, mini_dispatch.o(.text), UNUSED)

<P><STRONG><a name="[22b]"></a>EnableTask</STRONG> (Thumb, 20 bytes, Stack size 0 bytes, mini_dispatch.o(.text), UNUSED)

<P><STRONG><a name="[c4]"></a>DisableTask</STRONG> (Thumb, 24 bytes, Stack size 0 bytes, mini_dispatch.o(.text))
<BR><BR>[Called By]<UL><LI><a href="#[c0]">&gt;&gt;</a>&nbsp;&nbsp;&nbsp;pt113_frame_parse
</UL>

<P><STRONG><a name="[22c]"></a>TaskSetTimes</STRONG> (Thumb, 22 bytes, Stack size 0 bytes, mini_dispatch.o(.text), UNUSED)

<P><STRONG><a name="[ab]"></a>TaskRemarks</STRONG> (Thumb, 56 bytes, Stack size 8 bytes, mini_dispatch.o(.text))
<BR><BR>[Stack]<UL><LI>Max Depth = 8<LI>Call Chain = TaskRemarks
</UL>
<BR>[Called By]<UL><LI><a href="#[92]">&gt;&gt;</a>&nbsp;&nbsp;&nbsp;HAL_SysTick_Callback
</UL>

<P><STRONG><a name="[aa]"></a>TaskProcess</STRONG> (Thumb, 46 bytes, Stack size 16 bytes, mini_dispatch.o(.text))
<BR><BR>[Stack]<UL><LI>Max Depth = 16<LI>Call Chain = TaskProcess
</UL>
<BR>[Called By]<UL><LI><a href="#[8f]">&gt;&gt;</a>&nbsp;&nbsp;&nbsp;app_dispatch
</UL>

<P><STRONG><a name="[22d]"></a>crc4_itu</STRONG> (Thumb, 44 bytes, Stack size 12 bytes, crc.o(.text), UNUSED)

<P><STRONG><a name="[22e]"></a>crc8</STRONG> (Thumb, 52 bytes, Stack size 16 bytes, crc.o(.text), UNUSED)

<P><STRONG><a name="[103]"></a>crc16_ccitt</STRONG> (Thumb, 52 bytes, Stack size 16 bytes, crc.o(.text))
<BR><BR>[Stack]<UL><LI>Max Depth = 16<LI>Call Chain = crc16_ccitt
</UL>
<BR>[Called By]<UL><LI><a href="#[3]">&gt;&gt;</a>&nbsp;&nbsp;&nbsp;iap_frame_patch
<LI><a href="#[2]">&gt;&gt;</a>&nbsp;&nbsp;&nbsp;iap_frame_data
<LI><a href="#[107]">&gt;&gt;</a>&nbsp;&nbsp;&nbsp;check_firmware_lost
<LI><a href="#[106]">&gt;&gt;</a>&nbsp;&nbsp;&nbsp;firmware_data_check
<LI><a href="#[105]">&gt;&gt;</a>&nbsp;&nbsp;&nbsp;msg_frame_check
<LI><a href="#[102]">&gt;&gt;</a>&nbsp;&nbsp;&nbsp;find_firmware_lost_step
</UL>

<P><STRONG><a name="[b0]"></a>crc32</STRONG> (Thumb, 52 bytes, Stack size 16 bytes, crc.o(.text))
<BR><BR>[Stack]<UL><LI>Max Depth = 16<LI>Call Chain = crc32
</UL>
<BR>[Called By]<UL><LI><a href="#[b1]">&gt;&gt;</a>&nbsp;&nbsp;&nbsp;write_config_param
<LI><a href="#[a8]">&gt;&gt;</a>&nbsp;&nbsp;&nbsp;read_config_param
</UL>

<P><STRONG><a name="[22f]"></a>crc32_mpeg_2</STRONG> (Thumb, 52 bytes, Stack size 12 bytes, crc.o(.text), UNUSED)

<P><STRONG><a name="[230]"></a>serial_xjy_fifo_mutex</STRONG> (Thumb, 8 bytes, Stack size 0 bytes, serial_def_fifo.o(.text), UNUSED)

<P><STRONG><a name="[b]"></a>serial_xjy_fifo_init_static</STRONG> (Thumb, 26 bytes, Stack size 0 bytes, serial_def_fifo.o(.text))
<BR>[Address Reference Count : 1]<UL><LI> serial_def_fifo.o(.data)
</UL>
<P><STRONG><a name="[c]"></a>serial_xjy_fifo_init_malloc</STRONG> (Thumb, 38 bytes, Stack size 16 bytes, serial_def_fifo.o(.text))
<BR><BR>[Stack]<UL><LI>Max Depth = 44<LI>Call Chain = serial_xjy_fifo_init_malloc &rArr; calloc &rArr; malloc
</UL>
<BR>[Calls]<UL><LI><a href="#[110]">&gt;&gt;</a>&nbsp;&nbsp;&nbsp;calloc
</UL>
<BR>[Address Reference Count : 1]<UL><LI> serial_def_fifo.o(.data)
</UL>
<P><STRONG><a name="[d]"></a>is_serial_xjy_fifo_empty</STRONG> (Thumb, 20 bytes, Stack size 0 bytes, serial_def_fifo.o(.text))
<BR>[Address Reference Count : 1]<UL><LI> serial_def_fifo.o(.data)
</UL>
<P><STRONG><a name="[e]"></a>serial_xjy_push_item</STRONG> (Thumb, 66 bytes, Stack size 12 bytes, serial_def_fifo.o(.text))
<BR><BR>[Stack]<UL><LI>Max Depth = 12<LI>Call Chain = serial_xjy_push_item
</UL>
<BR>[Address Reference Count : 1]<UL><LI> serial_def_fifo.o(.data)
</UL>
<P><STRONG><a name="[f]"></a>serial_xjy_pop_item</STRONG> (Thumb, 52 bytes, Stack size 0 bytes, serial_def_fifo.o(.text))
<BR>[Address Reference Count : 1]<UL><LI> serial_def_fifo.o(.data)
</UL>
<P><STRONG><a name="[b8]"></a>msg_485_queue_init</STRONG> (Thumb, 8 bytes, Stack size 0 bytes, p485_fifo.o(.text), UNUSED)
<BR><BR>[Calls]<UL><LI><a href="#[111]">&gt;&gt;</a>&nbsp;&nbsp;&nbsp;__aeabi_memclr
</UL>
<BR>[Called By]<UL><LI><a href="#[b7]">&gt;&gt;</a>&nbsp;&nbsp;&nbsp;p485_instance_init
</UL>

<P><STRONG><a name="[bc]"></a>msg_485_queue_num</STRONG> (Thumb, 6 bytes, Stack size 0 bytes, p485_fifo.o(.text))
<BR><BR>[Called By]<UL><LI><a href="#[9]">&gt;&gt;</a>&nbsp;&nbsp;&nbsp;p485_rec_decode_task
</UL>

<P><STRONG><a name="[ba]"></a>msg_485_queue_push</STRONG> (Thumb, 112 bytes, Stack size 16 bytes, p485_fifo.o(.text))
<BR><BR>[Stack]<UL><LI>Max Depth = 16<LI>Call Chain = msg_485_queue_push
</UL>
<BR>[Calls]<UL><LI><a href="#[111]">&gt;&gt;</a>&nbsp;&nbsp;&nbsp;__aeabi_memclr
<LI><a href="#[b5]">&gt;&gt;</a>&nbsp;&nbsp;&nbsp;__aeabi_memcpy
</UL>
<BR>[Called By]<UL><LI><a href="#[b9]">&gt;&gt;</a>&nbsp;&nbsp;&nbsp;p485_push_data_msg
</UL>

<P><STRONG><a name="[bd]"></a>msg_485_queue_pop</STRONG> (Thumb, 52 bytes, Stack size 8 bytes, p485_fifo.o(.text))
<BR><BR>[Stack]<UL><LI>Max Depth = 8<LI>Call Chain = msg_485_queue_pop
</UL>
<BR>[Calls]<UL><LI><a href="#[111]">&gt;&gt;</a>&nbsp;&nbsp;&nbsp;__aeabi_memclr
</UL>
<BR>[Called By]<UL><LI><a href="#[9]">&gt;&gt;</a>&nbsp;&nbsp;&nbsp;p485_rec_decode_task
</UL>

<P><STRONG><a name="[c7]"></a>msg_t113_queue_init</STRONG> (Thumb, 8 bytes, Stack size 0 bytes, pt113_fifo.o(.text), UNUSED)
<BR><BR>[Calls]<UL><LI><a href="#[111]">&gt;&gt;</a>&nbsp;&nbsp;&nbsp;__aeabi_memclr
</UL>
<BR>[Called By]<UL><LI><a href="#[c6]">&gt;&gt;</a>&nbsp;&nbsp;&nbsp;pt113_instance_init
</UL>

<P><STRONG><a name="[ca]"></a>msg_t113_queue_num</STRONG> (Thumb, 6 bytes, Stack size 0 bytes, pt113_fifo.o(.text))
<BR><BR>[Called By]<UL><LI><a href="#[7]">&gt;&gt;</a>&nbsp;&nbsp;&nbsp;pt113_rec_decode_task
</UL>

<P><STRONG><a name="[c9]"></a>msg_t113_queue_push</STRONG> (Thumb, 112 bytes, Stack size 16 bytes, pt113_fifo.o(.text))
<BR><BR>[Stack]<UL><LI>Max Depth = 16<LI>Call Chain = msg_t113_queue_push
</UL>
<BR>[Calls]<UL><LI><a href="#[111]">&gt;&gt;</a>&nbsp;&nbsp;&nbsp;__aeabi_memclr
<LI><a href="#[b5]">&gt;&gt;</a>&nbsp;&nbsp;&nbsp;__aeabi_memcpy
</UL>
<BR>[Called By]<UL><LI><a href="#[c8]">&gt;&gt;</a>&nbsp;&nbsp;&nbsp;pt113_push_data_msg
</UL>

<P><STRONG><a name="[cb]"></a>msg_t113_queue_pop</STRONG> (Thumb, 52 bytes, Stack size 8 bytes, pt113_fifo.o(.text))
<BR><BR>[Stack]<UL><LI>Max Depth = 8<LI>Call Chain = msg_t113_queue_pop
</UL>
<BR>[Calls]<UL><LI><a href="#[111]">&gt;&gt;</a>&nbsp;&nbsp;&nbsp;__aeabi_memclr
</UL>
<BR>[Called By]<UL><LI><a href="#[7]">&gt;&gt;</a>&nbsp;&nbsp;&nbsp;pt113_rec_decode_task
</UL>

<P><STRONG><a name="[231]"></a>get_mcu_id</STRONG> (Thumb, 6 bytes, Stack size 0 bytes, bsp_init.o(.text), UNUSED)

<P><STRONG><a name="[a6]"></a>bsp_init</STRONG> (Thumb, 58 bytes, Stack size 8 bytes, bsp_init.o(.text))
<BR><BR>[Stack]<UL><LI>Max Depth = 160<LI>Call Chain = bsp_init &rArr; nfc_init &rArr; RC663_Init &rArr; RC663_SPI_Init &rArr; HAL_SPI_Init &rArr; HAL_SPI_MspInit &rArr; HAL_GPIO_Init
</UL>
<BR>[Calls]<UL><LI><a href="#[fd]">&gt;&gt;</a>&nbsp;&nbsp;&nbsp;nfc_init
<LI><a href="#[119]">&gt;&gt;</a>&nbsp;&nbsp;&nbsp;w25qxx_spi_init
<LI><a href="#[114]">&gt;&gt;</a>&nbsp;&nbsp;&nbsp;led_power_gpio_init
<LI><a href="#[117]">&gt;&gt;</a>&nbsp;&nbsp;&nbsp;W485_USART_UART_Init
<LI><a href="#[116]">&gt;&gt;</a>&nbsp;&nbsp;&nbsp;T113_USART_UART_Init
<LI><a href="#[115]">&gt;&gt;</a>&nbsp;&nbsp;&nbsp;MX_DMA_Init
<LI><a href="#[112]">&gt;&gt;</a>&nbsp;&nbsp;&nbsp;HAL_Delay
<LI><a href="#[118]">&gt;&gt;</a>&nbsp;&nbsp;&nbsp;DEBUG_USART_UART_Init
<LI><a href="#[113]">&gt;&gt;</a>&nbsp;&nbsp;&nbsp;MX_GPIO_Init
</UL>
<BR>[Called By]<UL><LI><a href="#[8e]">&gt;&gt;</a>&nbsp;&nbsp;&nbsp;systerm_init
</UL>

<P><STRONG><a name="[232]"></a>serial_register_init</STRONG> (Thumb, 38 bytes, Stack size 8 bytes, serial.o(.text), UNUSED)

<P><STRONG><a name="[11b]"></a>serial_sed_byte</STRONG> (Thumb, 14 bytes, Stack size 0 bytes, serial.o(.text), UNUSED)
<BR><BR>[Called By]<UL><LI><a href="#[11a]">&gt;&gt;</a>&nbsp;&nbsp;&nbsp;serial_sed_buff
</UL>

<P><STRONG><a name="[11a]"></a>serial_sed_buff</STRONG> (Thumb, 28 bytes, Stack size 16 bytes, serial.o(.text), UNUSED)
<BR><BR>[Calls]<UL><LI><a href="#[11b]">&gt;&gt;</a>&nbsp;&nbsp;&nbsp;serial_sed_byte
</UL>

<P><STRONG><a name="[233]"></a>serial_push_byte</STRONG> (Thumb, 16 bytes, Stack size 16 bytes, serial.o(.text), UNUSED)

<P><STRONG><a name="[9d]"></a>Error_Handler</STRONG> (Thumb, 2 bytes, Stack size 0 bytes, serial.o(.text))
<BR><BR>[Called By]<UL><LI><a href="#[d1]">&gt;&gt;</a>&nbsp;&nbsp;&nbsp;RC663_SPI_Init
<LI><a href="#[a0]">&gt;&gt;</a>&nbsp;&nbsp;&nbsp;SystemClock_Config
<LI><a href="#[9b]">&gt;&gt;</a>&nbsp;&nbsp;&nbsp;HAL_UART_MspInit
<LI><a href="#[119]">&gt;&gt;</a>&nbsp;&nbsp;&nbsp;w25qxx_spi_init
</UL>

<P><STRONG><a name="[116]"></a>T113_USART_UART_Init</STRONG> (Thumb, 58 bytes, Stack size 8 bytes, serial.o(.text))
<BR><BR>[Stack]<UL><LI>Max Depth = 120<LI>Call Chain = T113_USART_UART_Init &rArr; HAL_UART_Init &rArr; HAL_UART_MspInit &rArr; HAL_GPIO_Init
</UL>
<BR>[Calls]<UL><LI><a href="#[11d]">&gt;&gt;</a>&nbsp;&nbsp;&nbsp;HAL_UART_Receive_DMA
<LI><a href="#[11c]">&gt;&gt;</a>&nbsp;&nbsp;&nbsp;HAL_UART_Init
</UL>
<BR>[Called By]<UL><LI><a href="#[a6]">&gt;&gt;</a>&nbsp;&nbsp;&nbsp;bsp_init
</UL>

<P><STRONG><a name="[117]"></a>W485_USART_UART_Init</STRONG> (Thumb, 78 bytes, Stack size 32 bytes, serial.o(.text))
<BR><BR>[Stack]<UL><LI>Max Depth = 144<LI>Call Chain = W485_USART_UART_Init &rArr; HAL_UART_Init &rArr; HAL_UART_MspInit &rArr; HAL_GPIO_Init
</UL>
<BR>[Calls]<UL><LI><a href="#[98]">&gt;&gt;</a>&nbsp;&nbsp;&nbsp;HAL_GPIO_Init
<LI><a href="#[11d]">&gt;&gt;</a>&nbsp;&nbsp;&nbsp;HAL_UART_Receive_DMA
<LI><a href="#[11c]">&gt;&gt;</a>&nbsp;&nbsp;&nbsp;HAL_UART_Init
</UL>
<BR>[Called By]<UL><LI><a href="#[a6]">&gt;&gt;</a>&nbsp;&nbsp;&nbsp;bsp_init
</UL>

<P><STRONG><a name="[118]"></a>DEBUG_USART_UART_Init</STRONG> (Thumb, 46 bytes, Stack size 8 bytes, serial.o(.text))
<BR><BR>[Stack]<UL><LI>Max Depth = 120<LI>Call Chain = DEBUG_USART_UART_Init &rArr; HAL_UART_Init &rArr; HAL_UART_MspInit &rArr; HAL_GPIO_Init
</UL>
<BR>[Calls]<UL><LI><a href="#[11c]">&gt;&gt;</a>&nbsp;&nbsp;&nbsp;HAL_UART_Init
</UL>
<BR>[Called By]<UL><LI><a href="#[a6]">&gt;&gt;</a>&nbsp;&nbsp;&nbsp;bsp_init
</UL>

<P><STRONG><a name="[11e]"></a>HAL_USART_Send_Data</STRONG> (Thumb, 114 bytes, Stack size 16 bytes, serial.o(.text))
<BR><BR>[Stack]<UL><LI>Max Depth = 72<LI>Call Chain = HAL_USART_Send_Data &rArr; HAL_UART_Transmit &rArr; UART_WaitOnFlagUntilTimeout
</UL>
<BR>[Calls]<UL><LI><a href="#[11f]">&gt;&gt;</a>&nbsp;&nbsp;&nbsp;HAL_UART_Transmit
</UL>
<BR>[Called By]<UL><LI><a href="#[bf]">&gt;&gt;</a>&nbsp;&nbsp;&nbsp;HAL_T113_Uart_Send_Data
<LI><a href="#[bb]">&gt;&gt;</a>&nbsp;&nbsp;&nbsp;HAL_485_Send_Data
</UL>

<P><STRONG><a name="[bb]"></a>HAL_485_Send_Data</STRONG> (Thumb, 44 bytes, Stack size 16 bytes, serial.o(.text))
<BR><BR>[Stack]<UL><LI>Max Depth = 88<LI>Call Chain = HAL_485_Send_Data &rArr; HAL_USART_Send_Data &rArr; HAL_UART_Transmit &rArr; UART_WaitOnFlagUntilTimeout
</UL>
<BR>[Calls]<UL><LI><a href="#[cd]">&gt;&gt;</a>&nbsp;&nbsp;&nbsp;HAL_GPIO_WritePin
<LI><a href="#[11e]">&gt;&gt;</a>&nbsp;&nbsp;&nbsp;HAL_USART_Send_Data
</UL>
<BR>[Called By]<UL><LI><a href="#[8]">&gt;&gt;</a>&nbsp;&nbsp;&nbsp;p485_send_data_task
</UL>

<P><STRONG><a name="[bf]"></a>HAL_T113_Uart_Send_Data</STRONG> (Thumb, 8 bytes, Stack size 0 bytes, serial.o(.text))
<BR><BR>[Stack]<UL><LI>Max Depth = 72<LI>Call Chain = HAL_T113_Uart_Send_Data &rArr; HAL_USART_Send_Data &rArr; HAL_UART_Transmit &rArr; UART_WaitOnFlagUntilTimeout
</UL>
<BR>[Calls]<UL><LI><a href="#[11e]">&gt;&gt;</a>&nbsp;&nbsp;&nbsp;HAL_USART_Send_Data
</UL>
<BR>[Called By]<UL><LI><a href="#[be]">&gt;&gt;</a>&nbsp;&nbsp;&nbsp;iap_simply_ack
</UL>

<P><STRONG><a name="[120]"></a>HAL_UART_RxCpltCallback</STRONG> (Thumb, 90 bytes, Stack size 224 bytes, serial.o(.text))
<BR><BR>[Stack]<UL><LI>Max Depth = 240<LI>Call Chain = HAL_UART_RxCpltCallback &rArr; pt113_push_data_msg &rArr; msg_t113_queue_push
</UL>
<BR>[Calls]<UL><LI><a href="#[c8]">&gt;&gt;</a>&nbsp;&nbsp;&nbsp;pt113_push_data_msg
<LI><a href="#[b5]">&gt;&gt;</a>&nbsp;&nbsp;&nbsp;__aeabi_memcpy
</UL>
<BR>[Called By]<UL><LI><a href="#[1e9]">&gt;&gt;</a>&nbsp;&nbsp;&nbsp;UART_Receive_IT
<LI><a href="#[7b]">&gt;&gt;</a>&nbsp;&nbsp;&nbsp;UART_DMAReceiveCplt
</UL>

<P><STRONG><a name="[234]"></a>clear_485_buf</STRONG> (Thumb, 8 bytes, Stack size 0 bytes, serial.o(.text), UNUSED)

<P><STRONG><a name="[3f]"></a>USART1_IRQHandler</STRONG> (Thumb, 92 bytes, Stack size 216 bytes, serial.o(.text))
<BR><BR>[Stack]<UL><LI>Max Depth = 480<LI>Call Chain = USART1_IRQHandler &rArr; HAL_UART_IRQHandler &rArr; UART_Receive_IT &rArr; HAL_UART_RxCpltCallback &rArr; pt113_push_data_msg &rArr; msg_t113_queue_push
</UL>
<BR>[Calls]<UL><LI><a href="#[c8]">&gt;&gt;</a>&nbsp;&nbsp;&nbsp;pt113_push_data_msg
<LI><a href="#[11d]">&gt;&gt;</a>&nbsp;&nbsp;&nbsp;HAL_UART_Receive_DMA
<LI><a href="#[121]">&gt;&gt;</a>&nbsp;&nbsp;&nbsp;HAL_UART_IRQHandler
<LI><a href="#[122]">&gt;&gt;</a>&nbsp;&nbsp;&nbsp;HAL_UART_DMAStop
<LI><a href="#[b5]">&gt;&gt;</a>&nbsp;&nbsp;&nbsp;__aeabi_memcpy
</UL>
<BR>[Address Reference Count : 1]<UL><LI> startup_stm32f103xe.o(RESET)
</UL>
<P><STRONG><a name="[40]"></a>USART2_IRQHandler</STRONG> (Thumb, 96 bytes, Stack size 216 bytes, serial.o(.text))
<BR><BR>[Stack]<UL><LI>Max Depth = 480<LI>Call Chain = USART2_IRQHandler &rArr; HAL_UART_IRQHandler &rArr; UART_Receive_IT &rArr; HAL_UART_RxCpltCallback &rArr; pt113_push_data_msg &rArr; msg_t113_queue_push
</UL>
<BR>[Calls]<UL><LI><a href="#[b9]">&gt;&gt;</a>&nbsp;&nbsp;&nbsp;p485_push_data_msg
<LI><a href="#[11d]">&gt;&gt;</a>&nbsp;&nbsp;&nbsp;HAL_UART_Receive_DMA
<LI><a href="#[121]">&gt;&gt;</a>&nbsp;&nbsp;&nbsp;HAL_UART_IRQHandler
<LI><a href="#[122]">&gt;&gt;</a>&nbsp;&nbsp;&nbsp;HAL_UART_DMAStop
<LI><a href="#[b5]">&gt;&gt;</a>&nbsp;&nbsp;&nbsp;__aeabi_memcpy
</UL>
<BR>[Address Reference Count : 1]<UL><LI> startup_stm32f103xe.o(RESET)
</UL>
<P><STRONG><a name="[82]"></a>fputc</STRONG> (Thumb, 28 bytes, Stack size 16 bytes, serial.o(.text))
<BR><BR>[Stack]<UL><LI>Max Depth = 72<LI>Call Chain = fputc &rArr; HAL_UART_Transmit &rArr; UART_WaitOnFlagUntilTimeout
</UL>
<BR>[Calls]<UL><LI><a href="#[11f]">&gt;&gt;</a>&nbsp;&nbsp;&nbsp;HAL_UART_Transmit
</UL>
<BR>[Address Reference Count : 1]<UL><LI> printf8.o(i.__0printf$8)
</UL>
<P><STRONG><a name="[c1]"></a>print_hex</STRONG> (Thumb, 26 bytes, Stack size 16 bytes, serial.o(.text))
<BR><BR>[Stack]<UL><LI>Max Depth = 40<LI>Call Chain = print_hex &rArr; __2printf
</UL>
<BR>[Calls]<UL><LI><a href="#[a9]">&gt;&gt;</a>&nbsp;&nbsp;&nbsp;__2printf
</UL>
<BR>[Called By]<UL><LI><a href="#[c0]">&gt;&gt;</a>&nbsp;&nbsp;&nbsp;pt113_frame_parse
</UL>

<P><STRONG><a name="[114]"></a>led_power_gpio_init</STRONG> (Thumb, 108 bytes, Stack size 40 bytes, led_beep.o(.text))
<BR><BR>[Stack]<UL><LI>Max Depth = 80<LI>Call Chain = led_power_gpio_init &rArr; HAL_GPIO_Init
</UL>
<BR>[Calls]<UL><LI><a href="#[cd]">&gt;&gt;</a>&nbsp;&nbsp;&nbsp;HAL_GPIO_WritePin
<LI><a href="#[98]">&gt;&gt;</a>&nbsp;&nbsp;&nbsp;HAL_GPIO_Init
</UL>
<BR>[Called By]<UL><LI><a href="#[a6]">&gt;&gt;</a>&nbsp;&nbsp;&nbsp;bsp_init
</UL>

<P><STRONG><a name="[123]"></a>open_t113_power</STRONG> (Thumb, 18 bytes, Stack size 0 bytes, led_beep.o(.text), UNUSED)
<BR><BR>[Calls]<UL><LI><a href="#[cd]">&gt;&gt;</a>&nbsp;&nbsp;&nbsp;HAL_GPIO_WritePin
</UL>

<P><STRONG><a name="[235]"></a>control_led_board_power</STRONG> (Thumb, 2 bytes, Stack size 0 bytes, led_beep.o(.text), UNUSED)

<P><STRONG><a name="[124]"></a>open_weigh_power</STRONG> (Thumb, 20 bytes, Stack size 0 bytes, led_beep.o(.text), UNUSED)
<BR><BR>[Calls]<UL><LI><a href="#[cd]">&gt;&gt;</a>&nbsp;&nbsp;&nbsp;HAL_GPIO_WritePin
</UL>

<P><STRONG><a name="[125]"></a>set_run_led_state</STRONG> (Thumb, 20 bytes, Stack size 0 bytes, led_beep.o(.text), UNUSED)
<BR><BR>[Calls]<UL><LI><a href="#[cd]">&gt;&gt;</a>&nbsp;&nbsp;&nbsp;HAL_GPIO_WritePin
</UL>

<P><STRONG><a name="[af]"></a>set_run_led_toggle</STRONG> (Thumb, 10 bytes, Stack size 0 bytes, led_beep.o(.text))
<BR><BR>[Calls]<UL><LI><a href="#[126]">&gt;&gt;</a>&nbsp;&nbsp;&nbsp;HAL_GPIO_TogglePin
</UL>
<BR>[Called By]<UL><LI><a href="#[a]">&gt;&gt;</a>&nbsp;&nbsp;&nbsp;test_loop_task
</UL>

<P><STRONG><a name="[b6]"></a>MB_CRC16</STRONG> (Thumb, 38 bytes, Stack size 16 bytes, st_crc.o(.text))
<BR><BR>[Stack]<UL><LI>Max Depth = 16<LI>Call Chain = MB_CRC16
</UL>
<BR>[Called By]<UL><LI><a href="#[b4]">&gt;&gt;</a>&nbsp;&nbsp;&nbsp;p485_frame_parse
</UL>

<P><STRONG><a name="[a7]"></a>st_crc_init</STRONG> (Thumb, 34 bytes, Stack size 8 bytes, st_crc.o(.text))
<BR><BR>[Stack]<UL><LI>Max Depth = 24<LI>Call Chain = st_crc_init &rArr; HAL_CRC_Init &rArr; HAL_CRC_MspInit
</UL>
<BR>[Calls]<UL><LI><a href="#[127]">&gt;&gt;</a>&nbsp;&nbsp;&nbsp;HAL_CRC_Init
</UL>
<BR>[Called By]<UL><LI><a href="#[b3]">&gt;&gt;</a>&nbsp;&nbsp;&nbsp;CRC32DataCheckFun
<LI><a href="#[8e]">&gt;&gt;</a>&nbsp;&nbsp;&nbsp;systerm_init
</UL>

<P><STRONG><a name="[ae]"></a>st_crc32</STRONG> (Thumb, 26 bytes, Stack size 8 bytes, st_crc.o(.text))
[...]
<LI><a href="#[146]">&gt;&gt;</a>&nbsp;&nbsp;&nbsp;HAL_SPI_ErrorCallback
<LI><a href="#[13f]">&gt;&gt;</a>&nbsp;&nbsp;&nbsp;HAL_GetTick
<LI><a href="#[141]">&gt;&gt;</a>&nbsp;&nbsp;&nbsp;SPI_EndRxTxTransaction
</UL>
<BR>[Address Reference Count : 1]<UL><LI> stm32f1xx_hal_spi.o(.text)
</UL>
<P><STRONG><a name="[64]"></a>SPI_DMAHalfTransmitReceiveCplt</STRONG> (Thumb, 10 bytes, Stack size 8 bytes, stm32f1xx_hal_spi.o(.text))
<BR><BR>[Stack]<UL><LI>Max Depth = 8<LI>Call Chain = SPI_DMAHalfTransmitReceiveCplt
</UL>
<BR>[Calls]<UL><LI><a href="#[152]">&gt;&gt;</a>&nbsp;&nbsp;&nbsp;HAL_SPI_TxRxHalfCpltCallback
</UL>
<BR>[Address Reference Count : 1]<UL><LI> stm32f1xx_hal_spi.o(.text)
</UL>
<P><STRONG><a name="[69]"></a>SPI_AbortRx_ISR</STRONG> (Thumb, 76 bytes, Stack size 8 bytes, stm32f1xx_hal_spi.o(.text))
<BR><BR>[Stack]<UL><LI>Max Depth = 8<LI>Call Chain = SPI_AbortRx_ISR
</UL>
<BR>[Address Reference Count : 1]<UL><LI> stm32f1xx_hal_spi.o(.text)
</UL>
<P><STRONG><a name="[68]"></a>SPI_AbortTx_ISR</STRONG> (Thumb, 28 bytes, Stack size 0 bytes, stm32f1xx_hal_spi.o(.text))
<BR>[Address Reference Count : 1]<UL><LI> stm32f1xx_hal_spi.o(.text)
</UL>
<P><STRONG><a name="[6b]"></a>SPI_DMARxAbortCallback</STRONG> (Thumb, 98 bytes, Stack size 16 bytes, stm32f1xx_hal_spi.o(.text))
<BR><BR>[Stack]<UL><LI>Max Depth = 56<LI>Call Chain = SPI_DMARxAbortCallback &rArr; SPI_EndRxTxTransaction &rArr; SPI_WaitFlagStateUntilTimeout
</UL>
<BR>[Calls]<UL><LI><a href="#[157]">&gt;&gt;</a>&nbsp;&nbsp;&nbsp;HAL_SPI_AbortCpltCallback
<LI><a href="#[13f]">&gt;&gt;</a>&nbsp;&nbsp;&nbsp;HAL_GetTick
<LI><a href="#[141]">&gt;&gt;</a>&nbsp;&nbsp;&nbsp;SPI_EndRxTxTransaction
</UL>
<BR>[Address Reference Count : 1]<UL><LI> stm32f1xx_hal_spi.o(.text)
</UL>
<P><STRONG><a name="[6a]"></a>SPI_DMATxAbortCallback</STRONG> (Thumb, 106 bytes, Stack size 8 bytes, stm32f1xx_hal_spi.o(.text))
<BR><BR>[Stack]<UL><LI>Max Depth = 8<LI>Call Chain = SPI_DMATxAbortCallback
</UL>
<BR>[Calls]<UL><LI><a href="#[157]">&gt;&gt;</a>&nbsp;&nbsp;&nbsp;HAL_SPI_AbortCpltCallback
</UL>
<BR>[Address Reference Count : 1]<UL><LI> stm32f1xx_hal_spi.o(.text)
</UL>
<P><STRONG><a name="[6c]"></a>SPI_DMAAbortOnError</STRONG> (Thumb, 16 bytes, Stack size 8 bytes, stm32f1xx_hal_spi.o(.text))
<BR><BR>[Stack]<UL><LI>Max Depth = 8<LI>Call Chain = SPI_DMAAbortOnError
</UL>
<BR>[Calls]<UL><LI><a href="#[146]">&gt;&gt;</a>&nbsp;&nbsp;&nbsp;HAL_SPI_ErrorCallback
</UL>
<BR>[Address Reference Count : 1]<UL><LI> stm32f1xx_hal_spi.o(.text)
</UL>
<P><STRONG><a name="[141]"></a>SPI_EndRxTxTransaction</STRONG> (Thumb, 32 bytes, Stack size 16 bytes, stm32f1xx_hal_spi.o(.text))
<BR><BR>[Stack]<UL><LI>Max Depth = 40<LI>Call Chain = SPI_EndRxTxTransaction &rArr; SPI_WaitFlagStateUntilTimeout
</UL>
<BR>[Calls]<UL><LI><a href="#[13e]">&gt;&gt;</a>&nbsp;&nbsp;&nbsp;SPI_WaitFlagStateUntilTimeout
</UL>
<BR>[Called By]<UL><LI><a href="#[143]">&gt;&gt;</a>&nbsp;&nbsp;&nbsp;HAL_SPI_TransmitReceive
<LI><a href="#[140]">&gt;&gt;</a>&nbsp;&nbsp;&nbsp;HAL_SPI_Transmit
<LI><a href="#[6b]">&gt;&gt;</a>&nbsp;&nbsp;&nbsp;SPI_DMARxAbortCallback
<LI><a href="#[65]">&gt;&gt;</a>&nbsp;&nbsp;&nbsp;SPI_DMATransmitReceiveCplt
<LI><a href="#[62]">&gt;&gt;</a>&nbsp;&nbsp;&nbsp;SPI_DMATransmitCplt
<LI><a href="#[14a]">&gt;&gt;</a>&nbsp;&nbsp;&nbsp;SPI_CloseRxTx_ISR
<LI><a href="#[145]">&gt;&gt;</a>&nbsp;&nbsp;&nbsp;SPI_CloseTx_ISR
</UL>

<P><STRONG><a name="[6e]"></a>TIM_DMAPeriodElapsedHalfCplt</STRONG> (Thumb, 16 bytes, Stack size 8 bytes, stm32f1xx_hal_tim.o(.text))
<BR><BR>[Stack]<UL><LI>Max Depth = 8<LI>Call Chain = TIM_DMAPeriodElapsedHalfCplt
</UL>
<BR>[Calls]<UL><LI><a href="#[15f]">&gt;&gt;</a>&nbsp;&nbsp;&nbsp;HAL_TIM_PeriodElapsedHalfCpltCallback
</UL>
<BR>[Address Reference Count : 1]<UL><LI> stm32f1xx_hal_tim.o(.text)
</UL>
<P><STRONG><a name="[6d]"></a>TIM_DMAPeriodElapsedCplt</STRONG> (Thumb, 16 bytes, Stack size 8 bytes, stm32f1xx_hal_tim.o(.text))
<BR><BR>[Stack]<UL><LI>Max Depth = 8<LI>Call Chain = TIM_DMAPeriodElapsedCplt
</UL>
<BR>[Calls]<UL><LI><a href="#[160]">&gt;&gt;</a>&nbsp;&nbsp;&nbsp;HAL_TIM_PeriodElapsedCallback
</UL>
<BR>[Address Reference Count : 1]<UL><LI> stm32f1xx_hal_tim.o(.text)
</UL>
<P><STRONG><a name="[1a0]"></a>TIM_OC4_SetConfig</STRONG> (Thumb, 70 bytes, Stack size 12 bytes, stm32f1xx_hal_tim.o(.text), UNUSED)
<BR><BR>[Called By]<UL><LI><a href="#[19c]">&gt;&gt;</a>&nbsp;&nbsp;&nbsp;HAL_TIM_OC_ConfigChannel
<LI><a href="#[1a4]">&gt;&gt;</a>&nbsp;&nbsp;&nbsp;HAL_TIM_PWM_ConfigChannel
</UL>

<P><STRONG><a name="[19f]"></a>TIM_OC3_SetConfig</STRONG> (Thumb, 96 bytes, Stack size 20 bytes, stm32f1xx_hal_tim.o(.text), UNUSED)
<BR><BR>[Called By]<UL><LI><a href="#[19c]">&gt;&gt;</a>&nbsp;&nbsp;&nbsp;HAL_TIM_OC_ConfigChannel
<LI><a href="#[1a4]">&gt;&gt;</a>&nbsp;&nbsp;&nbsp;HAL_TIM_PWM_ConfigChannel
</UL>

<P><STRONG><a name="[19d]"></a>TIM_OC1_SetConfig</STRONG> (Thumb, 88 bytes, Stack size 20 bytes, stm32f1xx_hal_tim.o(.text), UNUSED)
<BR><BR>[Called By]<UL><LI><a href="#[19c]">&gt;&gt;</a>&nbsp;&nbsp;&nbsp;HAL_TIM_OC_ConfigChannel
<LI><a href="#[1a5]">&gt;&gt;</a>&nbsp;&nbsp;&nbsp;HAL_TIM_OnePulse_ConfigChannel
<LI><a href="#[1a4]">&gt;&gt;</a>&nbsp;&nbsp;&nbsp;HAL_TIM_PWM_ConfigChannel
</UL>

<P><STRONG><a name="[75]"></a>TIM_DMATriggerHalfCplt</STRONG> (Thumb, 16 bytes, Stack size 8 bytes, stm32f1xx_hal_tim.o(.text))
<BR><BR>[Stack]<UL><LI>Max Depth = 8<LI>Call Chain = TIM_DMATriggerHalfCplt
</UL>
<BR>[Calls]<UL><LI><a href="#[1a6]">&gt;&gt;</a>&nbsp;&nbsp;&nbsp;HAL_TIM_TriggerHalfCpltCallback
</UL>
<BR>[Address Reference Count : 1]<UL><LI> stm32f1xx_hal_tim.o(.text)
</UL>
<P><STRONG><a name="[74]"></a>TIM_DMATriggerCplt</STRONG> (Thumb, 16 bytes, Stack size 8 bytes, stm32f1xx_hal_tim.o(.text))
<BR><BR>[Stack]<UL><LI>Max Depth = 8<LI>Call Chain = TIM_DMATriggerCplt
</UL>
<BR>[Calls]<UL><LI><a href="#[19a]">&gt;&gt;</a>&nbsp;&nbsp;&nbsp;HAL_TIM_TriggerCallback
</UL>
<BR>[Address Reference Count : 1]<UL><LI> stm32f1xx_hal_tim.o(.text)
</UL>
<P><STRONG><a name="[1b0]"></a>TIM_SlaveTimer_SetConfig</STRONG> (Thumb, 134 bytes, Stack size 8 bytes, stm32f1xx_hal_tim.o(.text), UNUSED)
<BR><BR>[Calls]<UL><LI><a href="#[1ae]">&gt;&gt;</a>&nbsp;&nbsp;&nbsp;TIM_TI2_ConfigInputStage
<LI><a href="#[1ad]">&gt;&gt;</a>&nbsp;&nbsp;&nbsp;TIM_TI1_ConfigInputStage
<LI><a href="#[1ac]">&gt;&gt;</a>&nbsp;&nbsp;&nbsp;TIM_ETR_SetConfig
</UL>
<BR>[Called By]<UL><LI><a href="#[1b2]">&gt;&gt;</a>&nbsp;&nbsp;&nbsp;HAL_TIM_SlaveConfigSynchro_IT
<LI><a href="#[1b1]">&gt;&gt;</a>&nbsp;&nbsp;&nbsp;HAL_TIM_SlaveConfigSynchro
</UL>

<P><STRONG><a name="[1a3]"></a>TIM_TI2_SetConfig</STRONG> (Thumb, 54 bytes, Stack size 12 bytes, stm32f1xx_hal_tim.o(.text), UNUSED)
<BR><BR>[Called By]<UL><LI><a href="#[1a5]">&gt;&gt;</a>&nbsp;&nbsp;&nbsp;HAL_TIM_OnePulse_ConfigChannel
<LI><a href="#[1a1]">&gt;&gt;</a>&nbsp;&nbsp;&nbsp;HAL_TIM_IC_ConfigChannel
</UL>

<P><STRONG><a name="[1af]"></a>TIM_ITRx_SetConfig</STRONG> (Thumb, 16 bytes, Stack size 0 bytes, stm32f1xx_hal_tim.o(.text), UNUSED)
<BR><BR>[Called By]<UL><LI><a href="#[12a]">&gt;&gt;</a>&nbsp;&nbsp;&nbsp;HAL_TIM_ConfigClockSource
</UL>

<P><STRONG><a name="[1ad]"></a>TIM_TI1_ConfigInputStage</STRONG> (Thumb, 34 bytes, Stack size 8 bytes, stm32f1xx_hal_tim.o(.text), UNUSED)
<BR><BR>[Called By]<UL><LI><a href="#[1b0]">&gt;&gt;</a>&nbsp;&nbsp;&nbsp;TIM_SlaveTimer_SetConfig
<LI><a href="#[12a]">&gt;&gt;</a>&nbsp;&nbsp;&nbsp;HAL_TIM_ConfigClockSource
</UL>

<P><STRONG><a name="[1ae]"></a>TIM_TI2_ConfigInputStage</STRONG> (Thumb, 36 bytes, Stack size 8 bytes, stm32f1xx_hal_tim.o(.text), UNUSED)
<BR><BR>[Called By]<UL><LI><a href="#[1b0]">&gt;&gt;</a>&nbsp;&nbsp;&nbsp;TIM_SlaveTimer_SetConfig
<LI><a href="#[12a]">&gt;&gt;</a>&nbsp;&nbsp;&nbsp;HAL_TIM_ConfigClockSource
</UL>

<P><STRONG><a name="[1be]"></a>TIM_CCxNChannelCmd</STRONG> (Thumb, 26 bytes, Stack size 8 bytes, stm32f1xx_hal_tim_ex.o(.text), UNUSED)
<BR><BR>[Called By]<UL><LI><a href="#[1cd]">&gt;&gt;</a>&nbsp;&nbsp;&nbsp;HAL_TIMEx_OnePulseN_Stop_IT
<LI><a href="#[1cc]">&gt;&gt;</a>&nbsp;&nbsp;&nbsp;HAL_TIMEx_OnePulseN_Start_IT
<LI><a href="#[1cb]">&gt;&gt;</a>&nbsp;&nbsp;&nbsp;HAL_TIMEx_OnePulseN_Stop
<LI><a href="#[1ca]">&gt;&gt;</a>&nbsp;&nbsp;&nbsp;HAL_TIMEx_OnePulseN_Start
<LI><a href="#[1c9]">&gt;&gt;</a>&nbsp;&nbsp;&nbsp;HAL_TIMEx_PWMN_Stop_DMA
<LI><a href="#[1c8]">&gt;&gt;</a>&nbsp;&nbsp;&nbsp;HAL_TIMEx_PWMN_Start_DMA
<LI><a href="#[1c7]">&gt;&gt;</a>&nbsp;&nbsp;&nbsp;HAL_TIMEx_PWMN_Stop_IT
<LI><a href="#[1c6]">&gt;&gt;</a>&nbsp;&nbsp;&nbsp;HAL_TIMEx_PWMN_Start_IT
<LI><a href="#[1c5]">&gt;&gt;</a>&nbsp;&nbsp;&nbsp;HAL_TIMEx_PWMN_Stop
<LI><a href="#[1c4]">&gt;&gt;</a>&nbsp;&nbsp;&nbsp;HAL_TIMEx_PWMN_Start
<LI><a href="#[1c3]">&gt;&gt;</a>&nbsp;&nbsp;&nbsp;HAL_TIMEx_OCN_Stop_DMA
<LI><a href="#[1c2]">&gt;&gt;</a>&nbsp;&nbsp;&nbsp;HAL_TIMEx_OCN_Start_DMA
<LI><a href="#[1c1]">&gt;&gt;</a>&nbsp;&nbsp;&nbsp;HAL_TIMEx_OCN_Stop_IT
<LI><a href="#[1c0]">&gt;&gt;</a>&nbsp;&nbsp;&nbsp;HAL_TIMEx_OCN_Start_IT
<LI><a href="#[1bf]">&gt;&gt;</a>&nbsp;&nbsp;&nbsp;HAL_TIMEx_OCN_Stop
<LI><a href="#[1bd]">&gt;&gt;</a>&nbsp;&nbsp;&nbsp;HAL_TIMEx_OCN_Start
</UL>

<P><STRONG><a name="[1cf]"></a>UART_SetConfig</STRONG> (Thumb, 178 bytes, Stack size 24 bytes, stm32f1xx_hal_uart.o(.text))
<BR><BR>[Stack]<UL><LI>Max Depth = 52<LI>Call Chain = UART_SetConfig &rArr; HAL_RCC_GetPCLK2Freq &rArr; HAL_RCC_GetHCLKFreq &rArr; HAL_RCC_GetSysClockFreq
</UL>
<BR>[Calls]<UL><LI><a href="#[1d0]">&gt;&gt;</a>&nbsp;&nbsp;&nbsp;HAL_RCC_GetPCLK2Freq
<LI><a href="#[1d1]">&gt;&gt;</a>&nbsp;&nbsp;&nbsp;HAL_RCC_GetPCLK1Freq
</UL>
<BR>[Called By]<UL><LI><a href="#[11c]">&gt;&gt;</a>&nbsp;&nbsp;&nbsp;HAL_UART_Init
<LI><a href="#[1d4]">&gt;&gt;</a>&nbsp;&nbsp;&nbsp;HAL_MultiProcessor_Init
<LI><a href="#[1d3]">&gt;&gt;</a>&nbsp;&nbsp;&nbsp;HAL_LIN_Init
<LI><a href="#[1d2]">&gt;&gt;</a>&nbsp;&nbsp;&nbsp;HAL_HalfDuplex_Init
</UL>

<P><STRONG><a name="[1d6]"></a>UART_WaitOnFlagUntilTimeout</STRONG> (Thumb, 96 bytes, Stack size 24 bytes, stm32f1xx_hal_uart.o(.text))
<BR><BR>[Stack]<UL><LI>Max Depth = 24<LI>Call Chain = UART_WaitOnFlagUntilTimeout
</UL>
<BR>[Calls]<UL><LI><a href="#[13f]">&gt;&gt;</a>&nbsp;&nbsp;&nbsp;HAL_GetTick
</UL>
<BR>[Called By]<UL><LI><a href="#[11f]">&gt;&gt;</a>&nbsp;&nbsp;&nbsp;HAL_UART_Transmit
<LI><a href="#[1d7]">&gt;&gt;</a>&nbsp;&nbsp;&nbsp;HAL_UART_Receive
</UL>

<P><STRONG><a name="[7a]"></a>UART_DMAError</STRONG> (Thumb, 74 bytes, Stack size 16 bytes, stm32f1xx_hal_uart.o(.text))
<BR><BR>[Stack]<UL><LI>Max Depth = 16<LI>Call Chain = UART_DMAError
</UL>
<BR>[Calls]<UL><LI><a href="#[1da]">&gt;&gt;</a>&nbsp;&nbsp;&nbsp;HAL_UART_ErrorCallback
<LI><a href="#[1d8]">&gt;&gt;</a>&nbsp;&nbsp;&nbsp;UART_EndTxTransfer
<LI><a href="#[1d9]">&gt;&gt;</a>&nbsp;&nbsp;&nbsp;UART_EndRxTransfer
</UL>
<BR>[Address Reference Count : 1]<UL><LI> stm32f1xx_hal_uart.o(.text)
</UL>
<P><STRONG><a name="[79]"></a>UART_DMATxHalfCplt</STRONG> (Thumb, 10 bytes, Stack size 8 bytes, stm32f1xx_hal_uart.o(.text))
<BR><BR>[Stack]<UL><LI>Max Depth = 8<LI>Call Chain = UART_DMATxHalfCplt
</UL>
<BR>[Calls]<UL><LI><a href="#[1db]">&gt;&gt;</a>&nbsp;&nbsp;&nbsp;HAL_UART_TxHalfCpltCallback
</UL>
<BR>[Address Reference Count : 1]<UL><LI> stm32f1xx_hal_uart.o(.text)
</UL>
<P><STRONG><a name="[78]"></a>UART_DMATransmitCplt</STRONG> (Thumb, 46 bytes, Stack size 8 bytes, stm32f1xx_hal_uart.o(.text))
<BR><BR>[Stack]<UL><LI>Max Depth = 8<LI>Call Chain = UART_DMATransmitCplt
</UL>
<BR>[Calls]<UL><LI><a href="#[1dc]">&gt;&gt;</a>&nbsp;&nbsp;&nbsp;HAL_UART_TxCpltCallback
</UL>
<BR>[Address Reference Count : 1]<UL><LI> stm32f1xx_hal_uart.o(.text)
</UL>
<P><STRONG><a name="[7c]"></a>UART_DMARxHalfCplt</STRONG> (Thumb, 10 bytes, Stack size 8 bytes, stm32f1xx_hal_uart.o(.text))
<BR><BR>[Stack]<UL><LI>Max Depth = 8<LI>Call Chain = UART_DMARxHalfCplt
</UL>
<BR>[Calls]<UL><LI><a href="#[1de]">&gt;&gt;</a>&nbsp;&nbsp;&nbsp;HAL_UART_RxHalfCpltCallback
</UL>
<BR>[Address Reference Count : 1]<UL><LI> stm32f1xx_hal_uart.o(.text)
</UL>
<P><STRONG><a name="[7b]"></a>UART_DMAReceiveCplt</STRONG> (Thumb, 60 bytes, Stack size 8 bytes, stm32f1xx_hal_uart.o(.text))
<BR><BR>[Stack]<UL><LI>Max Depth = 248<LI>Call Chain = UART_DMAReceiveCplt &rArr; HAL_UART_RxCpltCallback &rArr; pt113_push_data_msg &rArr; msg_t113_queue_push
</UL>
<BR>[Calls]<UL><LI><a href="#[120]">&gt;&gt;</a>&nbsp;&nbsp;&nbsp;HAL_UART_RxCpltCallback
</UL>
<BR>[Address Reference Count : 1]<UL><LI> stm32f1xx_hal_uart.o(.text)
</UL>
<P><STRONG><a name="[7e]"></a>UART_DMARxAbortCallback</STRONG> (Thumb, 42 bytes, Stack size 8 bytes, stm32f1xx_hal_uart.o(.text))
<BR><BR>[Stack]<UL><LI>Max Depth = 8<LI>Call Chain = UART_DMARxAbortCallback
</UL>
<BR>[Calls]<UL><LI><a href="#[1e3]">&gt;&gt;</a>&nbsp;&nbsp;&nbsp;HAL_UART_AbortCpltCallback
</UL>
<BR>[Address Reference Count : 1]<UL><LI> stm32f1xx_hal_uart.o(.text)
</UL>
<P><STRONG><a name="[7d]"></a>UART_DMATxAbortCallback</STRONG> (Thumb, 42 bytes, Stack size 8 bytes, stm32f1xx_hal_uart.o(.text))
<BR><BR>[Stack]<UL><LI>Max Depth = 8<LI>Call Chain = UART_DMATxAbortCallback
</UL>
<BR>[Calls]<UL><LI><a href="#[1e3]">&gt;&gt;</a>&nbsp;&nbsp;&nbsp;HAL_UART_AbortCpltCallback
</UL>
<BR>[Address Reference Count : 1]<UL><LI> stm32f1xx_hal_uart.o(.text)
</UL>
<P><STRONG><a name="[7f]"></a>UART_DMATxOnlyAbortCallback</STRONG> (Thumb, 20 bytes, Stack size 8 bytes, stm32f1xx_hal_uart.o(.text))
<BR><BR>[Stack]<UL><LI>Max Depth = 8<LI>Call Chain = UART_DMATxOnlyAbortCallback
</UL>
<BR>[Calls]<UL><LI><a href="#[1e5]">&gt;&gt;</a>&nbsp;&nbsp;&nbsp;HAL_UART_AbortTransmitCpltCallback
</UL>
<BR>[Address Reference Count : 1]<UL><LI> stm32f1xx_hal_uart.o(.text)
</UL>
<P><STRONG><a name="[80]"></a>UART_DMARxOnlyAbortCallback</STRONG> (Thumb, 20 bytes, Stack size 8 bytes, stm32f1xx_hal_uart.o(.text))
<BR><BR>[Stack]<UL><LI>Max Depth = 8<LI>Call Chain = UART_DMARxOnlyAbortCallback
</UL>
<BR>[Calls]<UL><LI><a href="#[1e7]">&gt;&gt;</a>&nbsp;&nbsp;&nbsp;HAL_UART_AbortReceiveCpltCallback
</UL>
<BR>[Address Reference Count : 1]<UL><LI> stm32f1xx_hal_uart.o(.text)
</UL>
<P><STRONG><a name="[81]"></a>UART_DMAAbortOnError</STRONG> (Thumb, 16 bytes, Stack size 8 bytes, stm32f1xx_hal_uart.o(.text))
<BR><BR>[Stack]<UL><LI>Max Depth = 8<LI>Call Chain = UART_DMAAbortOnError
</UL>
<BR>[Calls]<UL><LI><a href="#[1da]">&gt;&gt;</a>&nbsp;&nbsp;&nbsp;HAL_UART_ErrorCallback
</UL>
<BR>[Address Reference Count : 1]<UL><LI> stm32f1xx_hal_uart.o(.text)
</UL>
<P><STRONG><a name="[1e9]"></a>UART_Receive_IT</STRONG> (Thumb, 150 bytes, Stack size 8 bytes, stm32f1xx_hal_uart.o(.text))
<BR><BR>[Stack]<UL><LI>Max Depth = 248<LI>Call Chain = UART_Receive_IT &rArr; HAL_UART_RxCpltCallback &rArr; pt113_push_data_msg &rArr; msg_t113_queue_push
</UL>
<BR>[Calls]<UL><LI><a href="#[120]">&gt;&gt;</a>&nbsp;&nbsp;&nbsp;HAL_UART_RxCpltCallback
</UL>
<BR>[Called By]<UL><LI><a href="#[121]">&gt;&gt;</a>&nbsp;&nbsp;&nbsp;HAL_UART_IRQHandler
</UL>

<P><STRONG><a name="[1d9]"></a>UART_EndRxTransfer</STRONG> (Thumb, 28 bytes, Stack size 0 bytes, stm32f1xx_hal_uart.o(.text))
<BR><BR>[Called By]<UL><LI><a href="#[121]">&gt;&gt;</a>&nbsp;&nbsp;&nbsp;HAL_UART_IRQHandler
<LI><a href="#[122]">&gt;&gt;</a>&nbsp;&nbsp;&nbsp;HAL_UART_DMAStop
<LI><a href="#[7a]">&gt;&gt;</a>&nbsp;&nbsp;&nbsp;UART_DMAError
</UL>

<P><STRONG><a name="[1d8]"></a>UART_EndTxTransfer</STRONG> (Thumb, 18 bytes, Stack size 0 bytes, stm32f1xx_hal_uart.o(.text))
<BR><BR>[Called By]<UL><LI><a href="#[122]">&gt;&gt;</a>&nbsp;&nbsp;&nbsp;HAL_UART_DMAStop
<LI><a href="#[7a]">&gt;&gt;</a>&nbsp;&nbsp;&nbsp;UART_DMAError
</UL>

<P><STRONG><a name="[1ea]"></a>UART_Transmit_IT</STRONG> (Thumb, 98 bytes, Stack size 0 bytes, stm32f1xx_hal_uart.o(.text))
<BR><BR>[Called By]<UL><LI><a href="#[121]">&gt;&gt;</a>&nbsp;&nbsp;&nbsp;HAL_UART_IRQHandler
</UL>

<P><STRONG><a name="[1fa]"></a>DMA_SetConfig</STRONG> (Thumb, 42 bytes, Stack size 12 bytes, stm32f1xx_hal_dma.o(.text))
<BR><BR>[Stack]<UL><LI>Max Depth = 12<LI>Call Chain = DMA_SetConfig
</UL>
<BR>[Called By]<UL><LI><a href="#[150]">&gt;&gt;</a>&nbsp;&nbsp;&nbsp;HAL_DMA_Start_IT
<LI><a href="#[1f9]">&gt;&gt;</a>&nbsp;&nbsp;&nbsp;HAL_DMA_Start
</UL>

<P><STRONG><a name="[1fc]"></a>__NVIC_SetPriority</STRONG> (Thumb, 32 bytes, Stack size 0 bytes, stm32f1xx_hal_cortex.o(.text))
<BR><BR>[Called By]<UL><LI><a href="#[96]">&gt;&gt;</a>&nbsp;&nbsp;&nbsp;HAL_NVIC_SetPriority
<LI><a href="#[1ec]">&gt;&gt;</a>&nbsp;&nbsp;&nbsp;HAL_SYSTICK_Config
</UL>

<P><STRONG><a name="[200]"></a>FLASH_SetErrorCode</STRONG> (Thumb, 84 bytes, Stack size 0 bytes, stm32f1xx_hal_flash.o(.text))
<BR><BR>[Called By]<UL><LI><a href="#[204]">&gt;&gt;</a>&nbsp;&nbsp;&nbsp;HAL_FLASH_IRQHandler
<LI><a href="#[1ff]">&gt;&gt;</a>&nbsp;&nbsp;&nbsp;FLASH_WaitForLastOperation
</UL>

<P><STRONG><a name="[202]"></a>FLASH_Program_HalfWord</STRONG> (Thumb, 20 bytes, Stack size 0 bytes, stm32f1xx_hal_flash.o(.text))
<BR><BR>[Called By]<UL><LI><a href="#[101]">&gt;&gt;</a>&nbsp;&nbsp;&nbsp;HAL_FLASH_Program
<LI><a href="#[204]">&gt;&gt;</a>&nbsp;&nbsp;&nbsp;HAL_FLASH_IRQHandler
<LI><a href="#[203]">&gt;&gt;</a>&nbsp;&nbsp;&nbsp;HAL_FLASH_Program_IT
</UL>

<P><STRONG><a name="[20b]"></a>FLASH_OB_RDP_LevelConfig</STRONG> (Thumb, 86 bytes, Stack size 16 bytes, stm32f1xx_hal_flash_ex.o(.text), UNUSED)
<BR><BR>[Calls]<UL><LI><a href="#[1ff]">&gt;&gt;</a>&nbsp;&nbsp;&nbsp;FLASH_WaitForLastOperation
</UL>
<BR>[Called By]<UL><LI><a href="#[20e]">&gt;&gt;</a>&nbsp;&nbsp;&nbsp;HAL_FLASHEx_OBProgram
<LI><a href="#[20c]">&gt;&gt;</a>&nbsp;&nbsp;&nbsp;HAL_FLASHEx_OBErase
</UL>

<P><STRONG><a name="[209]"></a>FLASH_MassErase</STRONG> (Thumb, 26 bytes, Stack size 0 bytes, stm32f1xx_hal_flash_ex.o(.text))
<BR><BR>[Called By]<UL><LI><a href="#[ff]">&gt;&gt;</a>&nbsp;&nbsp;&nbsp;HAL_FLASHEx_Erase
<LI><a href="#[20a]">&gt;&gt;</a>&nbsp;&nbsp;&nbsp;HAL_FLASHEx_Erase_IT
</UL>

<P><STRONG><a name="[20d]"></a>FLASH_OB_GetRDP</STRONG> (Thumb, 18 bytes, Stack size 0 bytes, stm32f1xx_hal_flash_ex.o(.text), UNUSED)
<BR><BR>[Called By]<UL><LI><a href="#[211]">&gt;&gt;</a>&nbsp;&nbsp;&nbsp;HAL_FLASHEx_OBGetConfig
<LI><a href="#[20c]">&gt;&gt;</a>&nbsp;&nbsp;&nbsp;HAL_FLASHEx_OBErase
</UL>

<P><STRONG><a name="[20f]"></a>FLASH_OB_DisableWRP</STRONG> (Thumb, 164 bytes, Stack size 32 bytes, stm32f1xx_hal_flash_ex.o(.text), UNUSED)
<BR><BR>[Calls]<UL><LI><a href="#[20c]">&gt;&gt;</a>&nbsp;&nbsp;&nbsp;HAL_FLASHEx_OBErase
<LI><a href="#[1ff]">&gt;&gt;</a>&nbsp;&nbsp;&nbsp;FLASH_WaitForLastOperation
</UL>
<BR>[Called By]<UL><LI><a href="#[20e]">&gt;&gt;</a>&nbsp;&nbsp;&nbsp;HAL_FLASHEx_OBProgram
</UL>

<P><STRONG><a name="[210]"></a>FLASH_OB_EnableWRP</STRONG> (Thumb, 180 bytes, Stack size 32 bytes, stm32f1xx_hal_flash_ex.o(.text), UNUSED)
<BR><BR>[Calls]<UL><LI><a href="#[20c]">&gt;&gt;</a>&nbsp;&nbsp;&nbsp;HAL_FLASHEx_OBErase
<LI><a href="#[1ff]">&gt;&gt;</a>&nbsp;&nbsp;&nbsp;FLASH_WaitForLastOperation
</UL>
<BR>[Called By]<UL><LI><a href="#[20e]">&gt;&gt;</a>&nbsp;&nbsp;&nbsp;HAL_FLASHEx_OBProgram
</UL>

<P><STRONG><a name="[21b]"></a>_printf_core</STRONG> (Thumb, 984 bytes, Stack size 104 bytes, printf8.o(i._printf_core), UNUSED)
<BR><BR>[Calls]<UL><LI><a href="#[217]">&gt;&gt;</a>&nbsp;&nbsp;&nbsp;__aeabi_uldivmod
<LI><a href="#[21c]">&gt;&gt;</a>&nbsp;&nbsp;&nbsp;_printf_pre_padding
<LI><a href="#[21d]">&gt;&gt;</a>&nbsp;&nbsp;&nbsp;_printf_post_padding
</UL>
<BR>[Called By]<UL><LI><a href="#[21a]">&gt;&gt;</a>&nbsp;&nbsp;&nbsp;__0printf$8
</UL>

<P><STRONG><a name="[21d]"></a>_printf_post_padding</STRONG> (Thumb, 36 bytes, Stack size 24 bytes, printf8.o(i._printf_post_padding), UNUSED)
<BR><BR>[Called By]<UL><LI><a href="#[21b]">&gt;&gt;</a>&nbsp;&nbsp;&nbsp;_printf_core
</UL>

<P><STRONG><a name="[21c]"></a>_printf_pre_padding</STRONG> (Thumb, 46 bytes, Stack size 24 bytes, printf8.o(i._printf_pre_padding), UNUSED)
<BR><BR>[Called By]<UL><LI><a href="#[21b]">&gt;&gt;</a>&nbsp;&nbsp;&nbsp;_printf_core
</UL>
<P>
<H3>
Undefined Global Symbols
</H3><HR></body></html>
